Apache Maven 3.6.3 (cecedd343002696d0abb50b32b541b8a6ba2883f)
Maven home: C:\Program Files\Maven\apache-maven-3.6.3\bin\..
Java version: 17.0.4.1, vendor: Oracle Corporation, runtime: C:\Program Files\Java\jdk-17.0.4.1
Default locale: en_US, platform encoding: UTF8
OS name: "windows 11", version: "10.0", arch: "amd64", family: "windows"
[DEBUG] Created new class realm maven.api
[DEBUG] Importing foreign packages into class realm maven.api
[DEBUG]   Imported: javax.annotation.* < plexus.core
[DEBUG]   Imported: javax.annotation.security.* < plexus.core
[DEBUG]   Imported: javax.enterprise.inject.* < plexus.core
[DEBUG]   Imported: javax.enterprise.util.* < plexus.core
[DEBUG]   Imported: javax.inject.* < plexus.core
[DEBUG]   Imported: org.apache.maven.* < plexus.core
[DEBUG]   Imported: org.apache.maven.artifact < plexus.core
[DEBUG]   Imported: org.apache.maven.classrealm < plexus.core
[DEBUG]   Imported: org.apache.maven.cli < plexus.core
[DEBUG]   Imported: org.apache.maven.configuration < plexus.core
[DEBUG]   Imported: org.apache.maven.exception < plexus.core
[DEBUG]   Imported: org.apache.maven.execution < plexus.core
[DEBUG]   Imported: org.apache.maven.execution.scope < plexus.core
[DEBUG]   Imported: org.apache.maven.lifecycle < plexus.core
[DEBUG]   Imported: org.apache.maven.model < plexus.core
[DEBUG]   Imported: org.apache.maven.monitor < plexus.core
[DEBUG]   Imported: org.apache.maven.plugin < plexus.core
[DEBUG]   Imported: org.apache.maven.profiles < plexus.core
[DEBUG]   Imported: org.apache.maven.project < plexus.core
[DEBUG]   Imported: org.apache.maven.reporting < plexus.core
[DEBUG]   Imported: org.apache.maven.repository < plexus.core
[DEBUG]   Imported: org.apache.maven.rtinfo < plexus.core
[DEBUG]   Imported: org.apache.maven.settings < plexus.core
[DEBUG]   Imported: org.apache.maven.toolchain < plexus.core
[DEBUG]   Imported: org.apache.maven.usability < plexus.core
[DEBUG]   Imported: org.apache.maven.wagon.* < plexus.core
[DEBUG]   Imported: org.apache.maven.wagon.authentication < plexus.core
[DEBUG]   Imported: org.apache.maven.wagon.authorization < plexus.core
[DEBUG]   Imported: org.apache.maven.wagon.events < plexus.core
[DEBUG]   Imported: org.apache.maven.wagon.observers < plexus.core
[DEBUG]   Imported: org.apache.maven.wagon.proxy < plexus.core
[DEBUG]   Imported: org.apache.maven.wagon.repository < plexus.core
[DEBUG]   Imported: org.apache.maven.wagon.resource < plexus.core
[DEBUG]   Imported: org.codehaus.classworlds < plexus.core
[DEBUG]   Imported: org.codehaus.plexus.* < plexus.core
[DEBUG]   Imported: org.codehaus.plexus.classworlds < plexus.core
[DEBUG]   Imported: org.codehaus.plexus.component < plexus.core
[DEBUG]   Imported: org.codehaus.plexus.configuration < plexus.core
[DEBUG]   Imported: org.codehaus.plexus.container < plexus.core
[DEBUG]   Imported: org.codehaus.plexus.context < plexus.core
[DEBUG]   Imported: org.codehaus.plexus.lifecycle < plexus.core
[DEBUG]   Imported: org.codehaus.plexus.logging < plexus.core
[DEBUG]   Imported: org.codehaus.plexus.personality < plexus.core
[DEBUG]   Imported: org.codehaus.plexus.util.xml.Xpp3Dom < plexus.core
[DEBUG]   Imported: org.codehaus.plexus.util.xml.pull.XmlPullParser < plexus.core
[DEBUG]   Imported: org.codehaus.plexus.util.xml.pull.XmlPullParserException < plexus.core
[DEBUG]   Imported: org.codehaus.plexus.util.xml.pull.XmlSerializer < plexus.core
[DEBUG]   Imported: org.eclipse.aether.* < plexus.core
[DEBUG]   Imported: org.eclipse.aether.artifact < plexus.core
[DEBUG]   Imported: org.eclipse.aether.collection < plexus.core
[DEBUG]   Imported: org.eclipse.aether.deployment < plexus.core
[DEBUG]   Imported: org.eclipse.aether.graph < plexus.core
[DEBUG]   Imported: org.eclipse.aether.impl < plexus.core
[DEBUG]   Imported: org.eclipse.aether.installation < plexus.core
[DEBUG]   Imported: org.eclipse.aether.internal.impl < plexus.core
[DEBUG]   Imported: org.eclipse.aether.metadata < plexus.core
[DEBUG]   Imported: org.eclipse.aether.repository < plexus.core
[DEBUG]   Imported: org.eclipse.aether.resolution < plexus.core
[DEBUG]   Imported: org.eclipse.aether.spi < plexus.core
[DEBUG]   Imported: org.eclipse.aether.transfer < plexus.core
[DEBUG]   Imported: org.eclipse.aether.version < plexus.core
[DEBUG]   Imported: org.fusesource.jansi.* < plexus.core
[DEBUG]   Imported: org.slf4j.* < plexus.core
[DEBUG]   Imported: org.slf4j.event.* < plexus.core
[DEBUG]   Imported: org.slf4j.helpers.* < plexus.core
[DEBUG]   Imported: org.slf4j.spi.* < plexus.core
[DEBUG] Populating class realm maven.api
[INFO] Error stacktraces are turned on.
[DEBUG] Message scheme: color
[DEBUG] Message styles: debug info warning error success failure strong mojo project
[DEBUG] Reading global settings from C:\Program Files\Maven\apache-maven-3.6.3\bin\..\conf\settings.xml
[DEBUG] Reading user settings from C:\Users\ivoln\.m2\settings.xml
[DEBUG] Reading global toolchains from C:\Program Files\Maven\apache-maven-3.6.3\bin\..\conf\toolchains.xml
[DEBUG] Reading user toolchains from C:\Users\ivoln\.m2\toolchains.xml
[DEBUG] Using local repository at C:\Users\ivoln\.m2\repository
[DEBUG] Using manager EnhancedLocalRepositoryManager with priority 10.0 for C:\Users\ivoln\.m2\repository
[INFO] Scanning for projects...
[DEBUG] Extension realms for project ua.com.ivolnov:article-library:pom:0.0.1-SNAPSHOT: (none)
[DEBUG] Looking up lifecycle mappings for packaging pom from ClassRealm[plexus.core, parent: null]
[DEBUG] Extension realms for project org.springframework.boot:spring-boot-starter-parent:pom:3.4.4: (none)
[DEBUG] Looking up lifecycle mappings for packaging pom from ClassRealm[plexus.core, parent: null]
[DEBUG] Extension realms for project org.springframework.boot:spring-boot-dependencies:pom:3.4.4: (none)
[DEBUG] Looking up lifecycle mappings for packaging pom from ClassRealm[plexus.core, parent: null]
[DEBUG] Extension realms for project ua.com.ivolnov:domain:jar:0.0.1-SNAPSHOT: (none)
[DEBUG] Looking up lifecycle mappings for packaging jar from ClassRealm[plexus.core, parent: null]
[DEBUG] Extension realms for project ua.com.ivolnov:service:jar:0.0.1-SNAPSHOT: (none)
[DEBUG] Looking up lifecycle mappings for packaging jar from ClassRealm[plexus.core, parent: null]
[DEBUG] Extension realms for project ua.com.ivolnov:rest:jar:0.0.1-SNAPSHOT: (none)
[DEBUG] Looking up lifecycle mappings for packaging jar from ClassRealm[plexus.core, parent: null]
[DEBUG] Extension realms for project ua.com.ivolnov:web:jar:0.0.1-SNAPSHOT: (none)
[DEBUG] Looking up lifecycle mappings for packaging jar from ClassRealm[plexus.core, parent: null]
[DEBUG] Extension realms for project ua.com.ivolnov:it:jar:0.0.1-SNAPSHOT: (none)
[DEBUG] Looking up lifecycle mappings for packaging jar from ClassRealm[plexus.core, parent: null]
[DEBUG] === REACTOR BUILD PLAN ================================================
[DEBUG] Project: ua.com.ivolnov:it:jar:0.0.1-SNAPSHOT
[DEBUG] Tasks:   [test]
[DEBUG] Style:   Regular
[DEBUG] =======================================================================
[INFO] 
[INFO] -------------------------< ua.com.ivolnov:it >--------------------------
[INFO] Building Scientific Article Library - Integration Tests 0.0.1-SNAPSHOT
[INFO] --------------------------------[ jar ]---------------------------------
[DEBUG] Lifecycle default -> [validate, initialize, generate-sources, process-sources, generate-resources, process-resources, compile, process-classes, generate-test-sources, process-test-sources, generate-test-resources, process-test-resources, test-compile, process-test-classes, test, prepare-package, package, pre-integration-test, integration-test, post-integration-test, verify, install, deploy]
[DEBUG] Lifecycle clean -> [pre-clean, clean, post-clean]
[DEBUG] Lifecycle site -> [pre-site, site, post-site, site-deploy]
[DEBUG] Lifecycle default -> [validate, initialize, generate-sources, process-sources, generate-resources, process-resources, compile, process-classes, generate-test-sources, process-test-sources, generate-test-resources, process-test-resources, test-compile, process-test-classes, test, prepare-package, package, pre-integration-test, integration-test, post-integration-test, verify, install, deploy]
[DEBUG] Lifecycle clean -> [pre-clean, clean, post-clean]
[DEBUG] Lifecycle site -> [pre-site, site, post-site, site-deploy]
[DEBUG] Lifecycle default -> [validate, initialize, generate-sources, process-sources, generate-resources, process-resources, compile, process-classes, generate-test-sources, process-test-sources, generate-test-resources, process-test-resources, test-compile, process-test-classes, test, prepare-package, package, pre-integration-test, integration-test, post-integration-test, verify, install, deploy]
[DEBUG] Lifecycle clean -> [pre-clean, clean, post-clean]
[DEBUG] Lifecycle site -> [pre-site, site, post-site, site-deploy]
[DEBUG] Lifecycle default -> [validate, initialize, generate-sources, process-sources, generate-resources, process-resources, compile, process-classes, generate-test-sources, process-test-sources, generate-test-resources, process-test-resources, test-compile, process-test-classes, test, prepare-package, package, pre-integration-test, integration-test, post-integration-test, verify, install, deploy]
[DEBUG] Lifecycle clean -> [pre-clean, clean, post-clean]
[DEBUG] Lifecycle site -> [pre-site, site, post-site, site-deploy]
[DEBUG] Lifecycle default -> [validate, initialize, generate-sources, process-sources, generate-resources, process-resources, compile, process-classes, generate-test-sources, process-test-sources, generate-test-resources, process-test-resources, test-compile, process-test-classes, test, prepare-package, package, pre-integration-test, integration-test, post-integration-test, verify, install, deploy]
[DEBUG] Lifecycle clean -> [pre-clean, clean, post-clean]
[DEBUG] Lifecycle site -> [pre-site, site, post-site, site-deploy]
[DEBUG] Lifecycle default -> [validate, initialize, generate-sources, process-sources, generate-resources, process-resources, compile, process-classes, generate-test-sources, process-test-sources, generate-test-resources, process-test-resources, test-compile, process-test-classes, test, prepare-package, package, pre-integration-test, integration-test, post-integration-test, verify, install, deploy]
[DEBUG] Lifecycle clean -> [pre-clean, clean, post-clean]
[DEBUG] Lifecycle site -> [pre-site, site, post-site, site-deploy]
[DEBUG] === PROJECT BUILD PLAN ================================================
[DEBUG] Project:       ua.com.ivolnov:it:0.0.1-SNAPSHOT
[DEBUG] Dependencies (collect): []
[DEBUG] Dependencies (resolve): [compile, test]
[DEBUG] Repositories (dependencies): [central (https://repo.maven.apache.org/maven2, default, releases)]
[DEBUG] Repositories (plugins)     : [central (https://repo.maven.apache.org/maven2, default, releases)]
[DEBUG] -----------------------------------------------------------------------
[DEBUG] Goal:          org.apache.maven.plugins:maven-resources-plugin:3.3.1:resources (default-resources)
[DEBUG] Style:         Regular
[DEBUG] Configuration: <?xml version="1.0" encoding="UTF-8"?>
<configuration>
  <addDefaultExcludes default-value="true"/>
  <buildFilters default-value="${project.build.filters}"/>
  <delimiters>
    <delimiter>@</delimiter>
  </delimiters>
  <encoding default-value="${project.build.sourceEncoding}"/>
  <escapeWindowsPaths default-value="true"/>
  <fileNameFiltering default-value="false"/>
  <includeEmptyDirs default-value="false"/>
  <outputDirectory default-value="${project.build.outputDirectory}"/>
  <overwrite default-value="false"/>
  <project default-value="${project}"/>
  <propertiesEncoding>UTF-8</propertiesEncoding>
  <resources default-value="${project.resources}"/>
  <session default-value="${session}"/>
  <skip default-value="false">${maven.resources.skip}</skip>
  <supportMultiLineFiltering default-value="false"/>
  <useBuildFilters default-value="true"/>
  <useDefaultDelimiters default-value="true">false</useDefaultDelimiters>
</configuration>
[DEBUG] -----------------------------------------------------------------------
[DEBUG] Goal:          org.apache.maven.plugins:maven-compiler-plugin:3.13.0:compile (default-compile)
[DEBUG] Style:         Regular
[DEBUG] Configuration: <?xml version="1.0" encoding="UTF-8"?>
<configuration>
  <annotationProcessorPaths>
    <path>
      <groupId>org.projectlombok</groupId>
      <artifactId>lombok</artifactId>
      <version>1.18.36</version>
    </path>
  </annotationProcessorPaths>
  <annotationProcessorPathsUseDepMgmt default-value="false"/>
  <basedir default-value="${basedir}"/>
  <buildDirectory default-value="${project.build.directory}"/>
  <compilePath default-value="${project.compileClasspathElements}"/>
  <compileSourceRoots default-value="${project.compileSourceRoots}"/>
  <compilerId default-value="javac">${maven.compiler.compilerId}</compilerId>
  <compilerReuseStrategy default-value="${reuseCreated}">${maven.compiler.compilerReuseStrategy}</compilerReuseStrategy>
  <compilerVersion>${maven.compiler.compilerVersion}</compilerVersion>
  <createMissingPackageInfoClass default-value="true">${maven.compiler.createMissingPackageInfoClass}</createMissingPackageInfoClass>
  <debug default-value="true">${maven.compiler.debug}</debug>
  <debugFileName default-value="javac"/>
  <debuglevel>${maven.compiler.debuglevel}</debuglevel>
  <enablePreview default-value="false">${maven.compiler.enablePreview}</enablePreview>
  <encoding default-value="${project.build.sourceEncoding}">${encoding}</encoding>
  <executable>${maven.compiler.executable}</executable>
  <failOnError default-value="true">${maven.compiler.failOnError}</failOnError>
  <failOnWarning default-value="false">${maven.compiler.failOnWarning}</failOnWarning>
  <fileExtensions default-value="class,jar"/>
  <forceJavacCompilerUse default-value="false">${maven.compiler.forceJavacCompilerUse}</forceJavacCompilerUse>
  <forceLegacyJavacApi default-value="false">${maven.compiler.forceLegacyJavacApi}</forceLegacyJavacApi>
  <fork default-value="false">${maven.compiler.fork}</fork>
  <generatedSourcesDirectory default-value="${project.build.directory}/generated-sources/annotations"/>
  <implicit>${maven.compiler.implicit}</implicit>
  <maxmem>${maven.compiler.maxmem}</maxmem>
  <meminitial>${maven.compiler.meminitial}</meminitial>
  <mojoExecution default-value="${mojoExecution}"/>
  <optimize default-value="false">${maven.compiler.optimize}</optimize>
  <outputDirectory default-value="${project.build.outputDirectory}">${maven.compiler.outputDirectory}</outputDirectory>
  <outputTimestamp default-value="${project.build.outputTimestamp}"/>
  <parameters default-value="false">true</parameters>
  <proc>${maven.compiler.proc}</proc>
  <project default-value="${project}"/>
  <projectArtifact default-value="${project.artifact}"/>
  <release>${maven.compiler.release}</release>
  <session default-value="${session}"/>
  <showCompilationChanges default-value="false">${maven.compiler.showCompilationChanges}</showCompilationChanges>
  <showDeprecation default-value="false">${maven.compiler.showDeprecation}</showDeprecation>
  <showWarnings default-value="true">${maven.compiler.showWarnings}</showWarnings>
  <skipMain>${maven.main.skip}</skipMain>
  <skipMultiThreadWarning default-value="false">${maven.compiler.skipMultiThreadWarning}</skipMultiThreadWarning>
  <source default-value="1.8">17</source>
  <staleMillis default-value="0">${lastModGranularityMs}</staleMillis>
  <target default-value="1.8">17</target>
  <useIncrementalCompilation default-value="true">${maven.compiler.useIncrementalCompilation}</useIncrementalCompilation>
  <verbose default-value="false">${maven.compiler.verbose}</verbose>
</configuration>
[DEBUG] -----------------------------------------------------------------------
[DEBUG] Goal:          org.apache.maven.plugins:maven-resources-plugin:3.3.1:testResources (default-testResources)
[DEBUG] Style:         Regular
[DEBUG] Configuration: <?xml version="1.0" encoding="UTF-8"?>
<configuration>
  <addDefaultExcludes default-value="true"/>
  <buildFilters default-value="${project.build.filters}"/>
  <delimiters>
    <delimiter>@</delimiter>
  </delimiters>
  <encoding default-value="${project.build.sourceEncoding}"/>
  <escapeWindowsPaths default-value="true"/>
  <fileNameFiltering default-value="false"/>
  <includeEmptyDirs default-value="false"/>
  <outputDirectory default-value="${project.build.testOutputDirectory}"/>
  <overwrite default-value="false"/>
  <project default-value="${project}"/>
  <propertiesEncoding>UTF-8</propertiesEncoding>
  <resources default-value="${project.testResources}"/>
  <session default-value="${session}"/>
  <skip default-value="false">${maven.test.skip}</skip>
  <supportMultiLineFiltering default-value="false"/>
  <useBuildFilters default-value="true"/>
  <useDefaultDelimiters default-value="true">false</useDefaultDelimiters>
</configuration>
[DEBUG] -----------------------------------------------------------------------
[DEBUG] Goal:          org.apache.maven.plugins:maven-compiler-plugin:3.13.0:testCompile (default-testCompile)
[DEBUG] Style:         Regular
[DEBUG] Configuration: <?xml version="1.0" encoding="UTF-8"?>
<configuration>
  <annotationProcessorPaths>
    <path>
      <groupId>org.projectlombok</groupId>
      <artifactId>lombok</artifactId>
      <version>1.18.36</version>
    </path>
  </annotationProcessorPaths>
  <annotationProcessorPathsUseDepMgmt default-value="false"/>
  <basedir default-value="${basedir}"/>
  <buildDirectory default-value="${project.build.directory}"/>
  <compileSourceRoots default-value="${project.testCompileSourceRoots}"/>
  <compilerId default-value="javac">${maven.compiler.compilerId}</compilerId>
  <compilerReuseStrategy default-value="${reuseCreated}">${maven.compiler.compilerReuseStrategy}</compilerReuseStrategy>
  <compilerVersion>${maven.compiler.compilerVersion}</compilerVersion>
  <createMissingPackageInfoClass default-value="true">${maven.compiler.createMissingPackageInfoClass}</createMissingPackageInfoClass>
  <debug default-value="true">${maven.compiler.debug}</debug>
  <debugFileName default-value="javac-test"/>
  <debuglevel>${maven.compiler.debuglevel}</debuglevel>
  <enablePreview default-value="false">${maven.compiler.enablePreview}</enablePreview>
  <encoding default-value="${project.build.sourceEncoding}">${encoding}</encoding>
  <executable>${maven.compiler.executable}</executable>
  <failOnError default-value="true">${maven.compiler.failOnError}</failOnError>
  <failOnWarning default-value="false">${maven.compiler.failOnWarning}</failOnWarning>
  <fileExtensions default-value="class,jar"/>
  <forceJavacCompilerUse default-value="false">${maven.compiler.forceJavacCompilerUse}</forceJavacCompilerUse>
  <forceLegacyJavacApi default-value="false">${maven.compiler.forceLegacyJavacApi}</forceLegacyJavacApi>
  <fork default-value="false">${maven.compiler.fork}</fork>
  <generatedTestSourcesDirectory default-value="${project.build.directory}/generated-test-sources/test-annotations"/>
  <implicit>${maven.compiler.implicit}</implicit>
  <maxmem>${maven.compiler.maxmem}</maxmem>
  <meminitial>${maven.compiler.meminitial}</meminitial>
  <mojoExecution default-value="${mojoExecution}"/>
  <optimize default-value="false">${maven.compiler.optimize}</optimize>
  <outputDirectory default-value="${project.build.testOutputDirectory}"/>
  <outputTimestamp default-value="${project.build.outputTimestamp}"/>
  <parameters default-value="false">true</parameters>
  <proc>${maven.compiler.proc}</proc>
  <project default-value="${project}"/>
  <release>${maven.compiler.release}</release>
  <session default-value="${session}"/>
  <showCompilationChanges default-value="false">${maven.compiler.showCompilationChanges}</showCompilationChanges>
  <showDeprecation default-value="false">${maven.compiler.showDeprecation}</showDeprecation>
  <showWarnings default-value="true">${maven.compiler.showWarnings}</showWarnings>
  <skip>${maven.test.skip}</skip>
  <skipMultiThreadWarning default-value="false">${maven.compiler.skipMultiThreadWarning}</skipMultiThreadWarning>
  <source default-value="1.8">17</source>
  <staleMillis default-value="0">${lastModGranularityMs}</staleMillis>
  <target default-value="1.8">17</target>
  <testPath default-value="${project.testClasspathElements}"/>
  <testRelease>${maven.compiler.testRelease}</testRelease>
  <testSource>${maven.compiler.testSource}</testSource>
  <testTarget>${maven.compiler.testTarget}</testTarget>
  <useIncrementalCompilation default-value="true">${maven.compiler.useIncrementalCompilation}</useIncrementalCompilation>
  <useModulePath default-value="true"/>
  <verbose default-value="false">${maven.compiler.verbose}</verbose>
</configuration>
[DEBUG] -----------------------------------------------------------------------
[DEBUG] Goal:          org.apache.maven.plugins:maven-surefire-plugin:3.5.2:test (default-test)
[DEBUG] Style:         Regular
[DEBUG] Configuration: <?xml version="1.0" encoding="UTF-8"?>
<configuration>
  <additionalClasspathDependencies>${maven.test.additionalClasspathDependencies}</additionalClasspathDependencies>
  <additionalClasspathElements>${maven.test.additionalClasspath}</additionalClasspathElements>
  <argLine>${argLine}</argLine>
  <basedir default-value="${basedir}"/>
  <childDelegation default-value="false">${childDelegation}</childDelegation>
  <classesDirectory default-value="${project.build.outputDirectory}"/>
  <classpathDependencyExcludes>${maven.test.dependency.excludes}</classpathDependencyExcludes>
  <debugForkedProcess>${maven.surefire.debug}</debugForkedProcess>
  <dependenciesToScan>${dependenciesToScan}</dependenciesToScan>
  <disableXmlReport default-value="false">${disableXmlReport}</disableXmlReport>
  <enableAssertions default-value="true">${enableAssertions}</enableAssertions>
  <enableOutErrElements default-value="true">${enableOutErrElements}</enableOutErrElements>
  <enableProcessChecker>${surefire.enableProcessChecker}</enableProcessChecker>
  <enablePropertiesElement default-value="true">${enablePropertiesElement}</enablePropertiesElement>
  <encoding default-value="${project.reporting.outputEncoding}">${surefire.encoding}</encoding>
  <excludeJUnit5Engines>${surefire.excludeJUnit5Engines}</excludeJUnit5Engines>
  <excludedEnvironmentVariables>${surefire.excludedEnvironmentVariables}</excludedEnvironmentVariables>
  <excludedGroups>${excludedGroups}</excludedGroups>
  <excludes>${surefire.excludes}</excludes>
  <excludesFile>${surefire.excludesFile}</excludesFile>
  <failIfNoSpecifiedTests default-value="true">${surefire.failIfNoSpecifiedTests}</failIfNoSpecifiedTests>
  <failIfNoTests default-value="false">${failIfNoTests}</failIfNoTests>
  <failOnFlakeCount default-value="0">${surefire.failOnFlakeCount}</failOnFlakeCount>
  <forkCount default-value="1">${forkCount}</forkCount>
  <forkNode>${surefire.forkNode}</forkNode>
  <forkedProcessExitTimeoutInSeconds default-value="30">${surefire.exitTimeout}</forkedProcessExitTimeoutInSeconds>
  <forkedProcessTimeoutInSeconds>${surefire.timeout}</forkedProcessTimeoutInSeconds>
  <groups>${groups}</groups>
  <includeJUnit5Engines>${surefire.includeJUnit5Engines}</includeJUnit5Engines>
  <includes>${surefire.includes}</includes>
  <includesFile>${surefire.includesFile}</includesFile>
  <junitArtifactName default-value="junit:junit">${junitArtifactName}</junitArtifactName>
  <jvm>${jvm}</jvm>
  <objectFactory>${objectFactory}</objectFactory>
  <parallel>${parallel}</parallel>
  <parallelMavenExecution default-value="${session.parallel}"/>
  <parallelOptimized default-value="true">${parallelOptimized}</parallelOptimized>
  <parallelTestsTimeoutForcedInSeconds>${surefire.parallel.forcedTimeout}</parallelTestsTimeoutForcedInSeconds>
  <parallelTestsTimeoutInSeconds>${surefire.parallel.timeout}</parallelTestsTimeoutInSeconds>
  <perCoreThreadCount default-value="true">${perCoreThreadCount}</perCoreThreadCount>
  <pluginArtifactMap>${plugin.artifactMap}</pluginArtifactMap>
  <pluginDescriptor default-value="${plugin}"/>
  <printSummary default-value="true">${surefire.printSummary}</printSummary>
  <project default-value="${project}"/>
  <projectArtifactMap>${project.artifactMap}</projectArtifactMap>
  <projectBuildDirectory default-value="${project.build.directory}"/>
  <promoteUserPropertiesToSystemProperties default-value="true"/>
  <redirectTestOutputToFile default-value="false">${maven.test.redirectTestOutputToFile}</redirectTestOutputToFile>
  <reportFormat default-value="brief">${surefire.reportFormat}</reportFormat>
  <reportNameSuffix default-value="">${surefire.reportNameSuffix}</reportNameSuffix>
  <reportsDirectory default-value="${project.build.directory}/surefire-reports"/>
  <rerunFailingTestsCount default-value="0">${surefire.rerunFailingTestsCount}</rerunFailingTestsCount>
  <reuseForks default-value="true">${reuseForks}</reuseForks>
  <runOrder default-value="filesystem">${surefire.runOrder}</runOrder>
  <runOrderRandomSeed>${surefire.runOrder.random.seed}</runOrderRandomSeed>
  <session default-value="${session}"/>
  <shutdown default-value="exit">${surefire.shutdown}</shutdown>
  <skip default-value="false">${maven.test.skip}</skip>
  <skipAfterFailureCount default-value="0">${surefire.skipAfterFailureCount}</skipAfterFailureCount>
  <skipExec>${maven.test.skip.exec}</skipExec>
  <skipTests default-value="false">${skipTests}</skipTests>
  <suiteXmlFiles>${surefire.suiteXmlFiles}</suiteXmlFiles>
  <systemPropertiesFile>${surefire.systemPropertiesFile}</systemPropertiesFile>
  <tempDir default-value="surefire">${tempDir}</tempDir>
  <test>${test}</test>
  <testClassesDirectory default-value="${project.build.testOutputDirectory}"/>
  <testFailureIgnore default-value="false">${maven.test.failure.ignore}</testFailureIgnore>
  <testNGArtifactName default-value="org.testng:testng">${testNGArtifactName}</testNGArtifactName>
  <testSourceDirectory default-value="${project.build.testSourceDirectory}"/>
  <threadCount>${threadCount}</threadCount>
  <threadCountClasses default-value="0">${threadCountClasses}</threadCountClasses>
  <threadCountMethods default-value="0">${threadCountMethods}</threadCountMethods>
  <threadCountSuites default-value="0">${threadCountSuites}</threadCountSuites>
  <trimStackTrace default-value="false">${trimStackTrace}</trimStackTrace>
  <useFile default-value="true">${surefire.useFile}</useFile>
  <useManifestOnlyJar default-value="true">${surefire.useManifestOnlyJar}</useManifestOnlyJar>
  <useModulePath default-value="true">${surefire.useModulePath}</useModulePath>
  <useSystemClassLoader default-value="true">${surefire.useSystemClassLoader}</useSystemClassLoader>
  <useUnlimitedThreads default-value="false">${useUnlimitedThreads}</useUnlimitedThreads>
  <workingDirectory>${basedir}</workingDirectory>
</configuration>
[DEBUG] =======================================================================
[DEBUG] Dependency collection stats: {ConflictMarker.analyzeTime=1811300, ConflictMarker.markTime=302800, ConflictMarker.nodeCount=264, ConflictIdSorter.graphTime=1601500, ConflictIdSorter.topsortTime=1347100, ConflictIdSorter.conflictIdCount=115, ConflictIdSorter.conflictIdCycleCount=0, ConflictResolver.totalTime=13837300, ConflictResolver.conflictItemCount=228, DefaultDependencyCollector.collectTime=508950100, DefaultDependencyCollector.transformTime=22808000}
[DEBUG] ua.com.ivolnov:it:jar:0.0.1-SNAPSHOT
[DEBUG]    ua.com.ivolnov:web:jar:0.0.1-SNAPSHOT:test
[DEBUG]       ua.com.ivolnov:rest:jar:0.0.1-SNAPSHOT:test
[DEBUG]          ua.com.ivolnov:service:jar:0.0.1-SNAPSHOT:test
[DEBUG]             ua.com.ivolnov:domain:jar:0.0.1-SNAPSHOT:test
[DEBUG]                org.springframework.boot:spring-boot-starter-data-jpa:jar:3.4.4:test (version managed from 3.4.4)
[DEBUG]                   org.springframework.boot:spring-boot-starter-jdbc:jar:3.4.4:test (version managed from 3.4.4)
[DEBUG]                      com.zaxxer:HikariCP:jar:5.1.0:test (version managed from 5.1.0)
[DEBUG]                      org.springframework:spring-jdbc:jar:6.2.5:test (version managed from 6.2.5)
[DEBUG]                   org.hibernate.orm:hibernate-core:jar:6.6.11.Final:test (version managed from 6.6.11.Final)
[DEBUG]                      jakarta.persistence:jakarta.persistence-api:jar:3.1.0:test (version managed from 3.1.0)
[DEBUG]                      jakarta.transaction:jakarta.transaction-api:jar:2.0.1:test (version managed from 2.0.1)
[DEBUG]                      org.hibernate.common:hibernate-commons-annotations:jar:7.0.3.Final:test
[DEBUG]                      io.smallrye:jandex:jar:3.2.0:test
[DEBUG]                      org.glassfish.jaxb:jaxb-runtime:jar:4.0.5:test (version managed from 4.0.2)
[DEBUG]                         org.glassfish.jaxb:jaxb-core:jar:4.0.5:test (version managed from 4.0.5)
[DEBUG]                            org.eclipse.angus:angus-activation:jar:2.0.2:test (version managed from 2.0.2)
[DEBUG]                            org.glassfish.jaxb:txw2:jar:4.0.5:test (version managed from 4.0.5)
[DEBUG]                            com.sun.istack:istack-commons-runtime:jar:4.1.2:test (version managed from 4.1.2)
[DEBUG]                      jakarta.inject:jakarta.inject-api:jar:2.0.1:test (version managed from 2.0.1)
[DEBUG]                      org.antlr:antlr4-runtime:jar:4.13.0:test
[DEBUG]                   org.springframework.data:spring-data-jpa:jar:3.4.4:test (version managed from 3.4.4)
[DEBUG]                      org.springframework.data:spring-data-commons:jar:3.4.4:test (version managed from 3.4.4)
[DEBUG]                      org.springframework:spring-orm:jar:6.2.5:test (version managed from 6.2.4)
[DEBUG]                      org.springframework:spring-tx:jar:6.2.5:test (version managed from 6.2.4)
[DEBUG]                   org.springframework:spring-aspects:jar:6.2.5:test (version managed from 6.2.5)
[DEBUG]                      org.aspectj:aspectjweaver:jar:1.9.23:test (version managed from 1.9.22.1)
[DEBUG]                org.postgresql:postgresql:jar:42.7.5:test (version managed from 42.7.5)
[DEBUG]                   org.checkerframework:checker-qual:jar:3.48.3:test
[DEBUG]                org.liquibase:liquibase-core:jar:4.29.2:test (version managed from 4.29.2)
[DEBUG]                   com.opencsv:opencsv:jar:5.9:test
[DEBUG]                   javax.xml.bind:jaxb-api:jar:2.3.1:test
[DEBUG]                   commons-io:commons-io:jar:2.16.1:test
[DEBUG]                   org.apache.commons:commons-collections4:jar:4.4:test
[DEBUG]                   org.apache.commons:commons-text:jar:1.12.0:test
[DEBUG]                   org.apache.commons:commons-lang3:jar:3.17.0:test (version managed from 3.15.0)
[DEBUG]             org.springframework:spring-context:jar:6.2.5:test (version managed from 6.2.5)
[DEBUG]             com.fasterxml.jackson.core:jackson-annotations:jar:2.18.3:test (version managed from 2.18.3)
[DEBUG]             com.fasterxml.jackson.core:jackson-databind:jar:2.18.3:test (version managed from 2.18.3)
[DEBUG]                com.fasterxml.jackson.core:jackson-core:jar:2.18.3:test (version managed from 2.18.3)
[DEBUG]          org.springframework.boot:spring-boot-starter-validation:jar:3.4.4:test (version managed from 3.4.4)
[DEBUG]             org.apache.tomcat.embed:tomcat-embed-el:jar:10.1.39:test (version managed from 10.1.39)
[DEBUG]             org.hibernate.validator:hibernate-validator:jar:8.0.2.Final:test (version managed from 8.0.2.Final)
[DEBUG]                jakarta.validation:jakarta.validation-api:jar:3.0.2:test (version managed from 3.0.2)
[DEBUG]                org.jboss.logging:jboss-logging:jar:3.6.1.Final:test (version managed from 3.4.3.Final)
[DEBUG]                com.fasterxml:classmate:jar:1.7.0:test (version managed from 1.5.1)
[DEBUG]          org.springdoc:springdoc-openapi-starter-webmvc-ui:jar:2.3.0:test (version managed from 2.3.0)
[DEBUG]             org.springdoc:springdoc-openapi-starter-webmvc-api:jar:2.3.0:test
[DEBUG]                org.springdoc:springdoc-openapi-starter-common:jar:2.3.0:test
[DEBUG]                   io.swagger.core.v3:swagger-core-jakarta:jar:2.2.19:test
[DEBUG]                      io.swagger.core.v3:swagger-annotations-jakarta:jar:2.2.19:test
[DEBUG]                      io.swagger.core.v3:swagger-models-jakarta:jar:2.2.19:test
[DEBUG]                      com.fasterxml.jackson.dataformat:jackson-dataformat-yaml:jar:2.18.3:test (version managed from 2.15.2)
[DEBUG]             org.webjars:swagger-ui:jar:5.10.3:test
[DEBUG]       org.springframework.boot:spring-boot-starter-web:jar:3.4.4:test (version managed from 3.4.4)
[DEBUG]          org.springframework.boot:spring-boot-starter-json:jar:3.4.4:test (version managed from 3.4.4)
[DEBUG]             com.fasterxml.jackson.datatype:jackson-datatype-jdk8:jar:2.18.3:test (version managed from 2.18.3)
[DEBUG]             com.fasterxml.jackson.datatype:jackson-datatype-jsr310:jar:2.18.3:test (version managed from 2.18.3)
[DEBUG]             com.fasterxml.jackson.module:jackson-module-parameter-names:jar:2.18.3:test (version managed from 2.18.3)
[DEBUG]          org.springframework.boot:spring-boot-starter-tomcat:jar:3.4.4:test (version managed from 3.4.4)
[DEBUG]             org.apache.tomcat.embed:tomcat-embed-core:jar:10.1.39:test (version managed from 10.1.39)
[DEBUG]             org.apache.tomcat.embed:tomcat-embed-websocket:jar:10.1.39:test (version managed from 10.1.39)
[DEBUG]          org.springframework:spring-web:jar:6.2.5:test (version managed from 6.2.5)
[DEBUG]             org.springframework:spring-beans:jar:6.2.5:test (version managed from 6.2.5)
[DEBUG]             io.micrometer:micrometer-observation:jar:1.14.5:test (version managed from 1.14.5)
[DEBUG]                io.micrometer:micrometer-commons:jar:1.14.5:test (version managed from 1.14.5)
[DEBUG]          org.springframework:spring-webmvc:jar:6.2.5:test (version managed from 6.2.5)
[DEBUG]             org.springframework:spring-aop:jar:6.2.5:test (version managed from 6.2.5)
[DEBUG]             org.springframework:spring-expression:jar:6.2.5:test (version managed from 6.2.5)
[DEBUG]       org.springframework.boot:spring-boot-autoconfigure:jar:3.4.4:test (version managed from 3.4.4)
[DEBUG]          org.springframework.boot:spring-boot:jar:3.4.4:test (version managed from 3.4.4)
[DEBUG]       org.springframework.boot:spring-boot-starter-freemarker:jar:3.4.4:test (version managed from 3.4.4)
[DEBUG]          org.freemarker:freemarker:jar:2.3.34:test (version managed from 2.3.34)
[DEBUG]          org.springframework:spring-context-support:jar:6.2.5:test (version managed from 6.2.5)
[DEBUG]    org.springframework.boot:spring-boot-starter-test:jar:3.4.4:test
[DEBUG]       org.springframework.boot:spring-boot-starter:jar:3.4.4:test (version managed from 3.4.4)
[DEBUG]          org.springframework.boot:spring-boot-starter-logging:jar:3.4.4:test (version managed from 3.4.4)
[DEBUG]             ch.qos.logback:logback-classic:jar:1.5.18:test (version managed from 1.5.18)
[DEBUG]                ch.qos.logback:logback-core:jar:1.5.18:test (version managed from 1.5.18)
[DEBUG]             org.apache.logging.log4j:log4j-to-slf4j:jar:2.24.3:test (version managed from 2.24.3)
[DEBUG]                org.apache.logging.log4j:log4j-api:jar:2.24.3:test (version managed from 2.24.3)
[DEBUG]             org.slf4j:jul-to-slf4j:jar:2.0.17:test (version managed from 2.0.17)
[DEBUG]          jakarta.annotation:jakarta.annotation-api:jar:2.1.1:test (version managed from 2.1.1)
[DEBUG]          org.yaml:snakeyaml:jar:2.3:test (version managed from 2.3)
[DEBUG]       org.springframework.boot:spring-boot-test:jar:3.4.4:test (version managed from 3.4.4)
[DEBUG]       org.springframework.boot:spring-boot-test-autoconfigure:jar:3.4.4:test (version managed from 3.4.4)
[DEBUG]       com.jayway.jsonpath:json-path:jar:2.9.0:test (version managed from 2.9.0)
[DEBUG]          org.slf4j:slf4j-api:jar:2.0.17:test (version managed from 2.0.11)
[DEBUG]       jakarta.xml.bind:jakarta.xml.bind-api:jar:4.0.2:test (version managed from 4.0.2)
[DEBUG]          jakarta.activation:jakarta.activation-api:jar:2.1.3:test (version managed from 2.1.3)
[DEBUG]       net.minidev:json-smart:jar:2.5.2:test (version managed from 2.5.2)
[DEBUG]          net.minidev:accessors-smart:jar:2.5.2:test
[DEBUG]             org.ow2.asm:asm:jar:9.7.1:test
[DEBUG]       org.assertj:assertj-core:jar:3.26.3:test (version managed from 3.26.3)
[DEBUG]          net.bytebuddy:byte-buddy:jar:1.15.11:test (version managed from 1.14.18)
[DEBUG]       org.awaitility:awaitility:jar:4.2.2:test (version managed from 4.2.2)
[DEBUG]       org.hamcrest:hamcrest:jar:2.2:test (version managed from 2.2)
[DEBUG]       org.junit.jupiter:junit-jupiter:jar:5.11.4:test (version managed from 5.11.4)
[DEBUG]          org.junit.jupiter:junit-jupiter-api:jar:5.11.4:test (version managed from 5.11.4)
[DEBUG]             org.opentest4j:opentest4j:jar:1.3.0:test
[DEBUG]             org.junit.platform:junit-platform-commons:jar:1.11.4:test (version managed from 1.11.4)
[DEBUG]             org.apiguardian:apiguardian-api:jar:1.1.2:test
[DEBUG]          org.junit.jupiter:junit-jupiter-params:jar:5.11.4:test (version managed from 5.11.4)
[DEBUG]          org.junit.jupiter:junit-jupiter-engine:jar:5.11.4:test (version managed from 5.11.4)
[DEBUG]             org.junit.platform:junit-platform-engine:jar:1.11.4:test (version managed from 1.11.4)
[DEBUG]       org.mockito:mockito-core:jar:5.14.2:test (version managed from 5.14.2)
[DEBUG]          net.bytebuddy:byte-buddy-agent:jar:1.15.11:test (version managed from 1.15.4)
[DEBUG]          org.objenesis:objenesis:jar:3.3:test
[DEBUG]       org.mockito:mockito-junit-jupiter:jar:5.14.2:test (version managed from 5.14.2)
[DEBUG]       org.skyscreamer:jsonassert:jar:1.5.3:test (version managed from 1.5.3)
[DEBUG]          com.vaadin.external.google:android-json:jar:0.0.20131108.vaadin1:test
[DEBUG]       org.springframework:spring-core:jar:6.2.5:test (version managed from 6.2.5)
[DEBUG]          org.springframework:spring-jcl:jar:6.2.5:test (version managed from 6.2.5)
[DEBUG]       org.springframework:spring-test:jar:6.2.5:test (version managed from 6.2.5)
[DEBUG]       org.xmlunit:xmlunit-core:jar:2.10.0:test (version managed from 2.10.0)
[DEBUG]    org.projectlombok:lombok:jar:1.18.36:provided (optional)
[INFO] 
[INFO] --- maven-resources-plugin:3.3.1:resources (default-resources) @ it ---
[DEBUG] Dependency collection stats: {ConflictMarker.analyzeTime=93800, ConflictMarker.markTime=17200, ConflictMarker.nodeCount=13, ConflictIdSorter.graphTime=54500, ConflictIdSorter.topsortTime=10500, ConflictIdSorter.conflictIdCount=9, ConflictIdSorter.conflictIdCycleCount=0, ConflictResolver.totalTime=138700, ConflictResolver.conflictItemCount=13, DefaultDependencyCollector.collectTime=35017500, DefaultDependencyCollector.transformTime=361200}
[DEBUG] org.apache.maven.plugins:maven-resources-plugin:jar:3.3.1
[DEBUG]    org.codehaus.plexus:plexus-interpolation:jar:1.26:runtime
[DEBUG]    org.codehaus.plexus:plexus-utils:jar:3.5.1:compile
[DEBUG]    org.apache.maven.shared:maven-filtering:jar:3.3.1:compile
[DEBUG]       javax.inject:javax.inject:jar:1:compile
[DEBUG]       org.slf4j:slf4j-api:jar:1.7.36:compile
[DEBUG]       org.sonatype.plexus:plexus-build-api:jar:0.0.7:compile
[DEBUG]    commons-io:commons-io:jar:2.11.0:compile
[DEBUG]    org.apache.commons:commons-lang3:jar:3.12.0:compile
[DEBUG] Created new class realm plugin>org.apache.maven.plugins:maven-resources-plugin:3.3.1
[DEBUG] Importing foreign packages into class realm plugin>org.apache.maven.plugins:maven-resources-plugin:3.3.1
[DEBUG]   Imported:  < maven.api
[DEBUG] Populating class realm plugin>org.apache.maven.plugins:maven-resources-plugin:3.3.1
[DEBUG]   Included: org.apache.maven.plugins:maven-resources-plugin:jar:3.3.1
[DEBUG]   Included: org.codehaus.plexus:plexus-interpolation:jar:1.26
[DEBUG]   Included: org.codehaus.plexus:plexus-utils:jar:3.5.1
[DEBUG]   Included: org.apache.maven.shared:maven-filtering:jar:3.3.1
[DEBUG]   Included: org.sonatype.plexus:plexus-build-api:jar:0.0.7
[DEBUG]   Included: commons-io:commons-io:jar:2.11.0
[DEBUG]   Included: org.apache.commons:commons-lang3:jar:3.12.0
[DEBUG] Configuring mojo org.apache.maven.plugins:maven-resources-plugin:3.3.1:resources from plugin realm ClassRealm[plugin>org.apache.maven.plugins:maven-resources-plugin:3.3.1, parent: jdk.internal.loader.ClassLoaders$AppClassLoader@15db9742]
[DEBUG] Configuring mojo 'org.apache.maven.plugins:maven-resources-plugin:3.3.1:resources' with basic configurator -->
[DEBUG]   (f) addDefaultExcludes = true
[DEBUG]   (f) buildFilters = []
[DEBUG]   (s) delimiters = [@]
[DEBUG]   (f) encoding = UTF-8
[DEBUG]   (f) escapeWindowsPaths = true
[DEBUG]   (f) fileNameFiltering = false
[DEBUG]   (s) includeEmptyDirs = false
[DEBUG]   (s) outputDirectory = C:\Users\ivoln\IdeaProjects\article-library\it\target\classes
[DEBUG]   (s) overwrite = false
[DEBUG]   (f) project = MavenProject: ua.com.ivolnov:it:0.0.1-SNAPSHOT @ C:\Users\ivoln\IdeaProjects\article-library\it\pom.xml
[DEBUG]   (f) propertiesEncoding = UTF-8
[DEBUG]   (s) resources = [Resource {targetPath: null, filtering: true, FileSet {directory: C:\Users\ivoln\IdeaProjects\article-library\it\src\main\resources, PatternSet [includes: {**/application*.yml, **/application*.yaml, **/application*.properties}, excludes: {}]}}, Resource {targetPath: null, filtering: false, FileSet {directory: C:\Users\ivoln\IdeaProjects\article-library\it\src\main\resources, PatternSet [includes: {}, excludes: {**/application*.yml, **/application*.yaml, **/application*.properties}]}}]
[DEBUG]   (f) session = org.apache.maven.execution.MavenSession@5cb042da
[DEBUG]   (f) skip = false
[DEBUG]   (f) supportMultiLineFiltering = false
[DEBUG]   (f) useBuildFilters = true
[DEBUG]   (s) useDefaultDelimiters = false
[DEBUG] -- end configuration --
[DEBUG] properties used:
[DEBUG] activemq.version: 6.1.6
[DEBUG] angus-mail.version: 2.0.3
[DEBUG] artemis.version: 2.37.0
[DEBUG] aspectj.version: 1.9.23
[DEBUG] assertj.version: 3.26.3
[DEBUG] awaitility.version: 4.2.2
[DEBUG] brave.version: 6.0.3
[DEBUG] build-helper-maven-plugin.version: 3.6.0
[DEBUG] byte-buddy.version: 1.15.11
[DEBUG] cache2k.version: 2.6.1.Final
[DEBUG] caffeine.version: 3.1.8
[DEBUG] cassandra-driver.version: 4.18.1
[DEBUG] classmate.version: 1.7.0
[DEBUG] classworlds.conf: C:\Program Files\Maven\apache-maven-3.6.3\bin\..\bin\m2.conf
[DEBUG] commons-codec.version: 1.17.2
[DEBUG] commons-dbcp2.version: 2.12.0
[DEBUG] commons-lang3.version: 3.17.0
[DEBUG] commons-pool.version: 1.6
[DEBUG] commons-pool2.version: 2.12.1
[DEBUG] couchbase-client.version: 3.7.8
[DEBUG] crac.version: 1.5.0
[DEBUG] cyclonedx-maven-plugin.version: 2.9.1
[DEBUG] db2-jdbc.version: 11.5.9.0
[DEBUG] dependency-management-plugin.version: 1.1.7
[DEBUG] derby.version: 10.16.1.1
[DEBUG] ehcache3.version: 3.10.8
[DEBUG] elasticsearch-client.version: 8.15.5
[DEBUG] env.=::: ::\
[DEBUG] env.=C:: C:\Users\ivoln\IdeaProjects\article-library
[DEBUG] env.=EXITCODE: 00000001
[DEBUG] env.ALLUSERSPROFILE: C:\ProgramData
[DEBUG] env.AMDRMSDKPATH: C:\Program Files\AMD\RyzenMasterSDK\
[DEBUG] env.APPDATA: C:\Users\ivoln\AppData\Roaming
[DEBUG] env.AV_APPDATA: C:\Users\ivoln\AppData\Roaming
[DEBUG] env.CATALINA_HOME: C:\Users\ivoln\Desktop\apache-tomcat-9.0.71
[DEBUG] env.CLASSWORLDS_JAR: "C:\Program Files\Maven\apache-maven-3.6.3\bin\..\boot\plexus-classworlds-2.6.0.jar"
[DEBUG] env.CLASSWORLDS_LAUNCHER: org.codehaus.plexus.classworlds.launcher.Launcher
[DEBUG] env.COMMONPROGRAMFILES: C:\Program Files\Common Files
[DEBUG] env.COMMONPROGRAMFILES(X86): C:\Program Files (x86)\Common Files
[DEBUG] env.COMMONPROGRAMW6432: C:\Program Files\Common Files
[DEBUG] env.COMPUTERNAME: DESKTOP-0BTF92K
[DEBUG] env.COMSPEC: C:\WINDOWS\system32\cmd.exe
[DEBUG] env.DRIVERDATA: C:\Windows\System32\Drivers\DriverData
[DEBUG] env.EFC_9988_1262719628: 1
[DEBUG] env.EFC_9988_1592913036: 1
[DEBUG] env.EFC_9988_2283032206: 1
[DEBUG] env.EFC_9988_2775293581: 1
[DEBUG] env.EFC_9988_3789132940: 1
[DEBUG] env.ERROR_CODE: 0
[DEBUG] env.EXEC_DIR: C:\Users\ivoln\IdeaProjects\article-library
[DEBUG] env.FPS_BROWSER_APP_PROFILE_STRING: Internet Explorer
[DEBUG] env.FPS_BROWSER_USER_PROFILE_STRING: Default
[DEBUG] env.HOMEDRIVE: C:
[DEBUG] env.HOMEPATH: \Users\ivoln
[DEBUG] env.IJ_RESTARTER_LOG: C:\Users\ivoln\AppData\Local\JetBrains\IntelliJIdea2024.2\log\restarter.log
[DEBUG] env.INTELLIJ IDEA: C:\Program Files\JetBrains\IntelliJ IDEA 2024.2\bin;
[DEBUG] env.JAVA11_HOME: C:\Users\ivoln\.jdks\adopt-openjdk-11.0.11
[DEBUG] env.JAVA17_HOME: C:\Program Files\Java\jdk-17.0.4.1
[DEBUG] env.JAVA8_HOME: c:\Users\ivoln\.jdks\adopt-openjdk-1.8.0_292
[DEBUG] env.JAVACMD: C:\Program Files\Java\jdk-17.0.4.1\bin\java.exe
[DEBUG] env.JAVA_HOME: C:\Program Files\Java\jdk-17.0.4.1
[DEBUG] env.JAVA_TOOL_OPTIONS: -Dfile.encoding=UTF8
[DEBUG] env.JRE_HOME: C:\Program Files\Java\jdk-17.0.4.1\bin
[DEBUG] env.JVMCONFIG: \.mvn\jvm.config
[DEBUG] env.LOCALAPPDATA: C:\Users\ivoln\AppData\Local
[DEBUG] env.LOGONSERVER: \\DESKTOP-0BTF92K
[DEBUG] env.MAVEN_CMD_LINE_ARGS: test -pl it -X
[DEBUG] env.MAVEN_HOME: C:\Program Files\Maven\apache-maven-3.6.3\bin\..
[DEBUG] env.MAVEN_PROJECTBASEDIR: C:\Users\ivoln\IdeaProjects\article-library
[DEBUG] env.NUMBER_OF_PROCESSORS: 24
[DEBUG] env.ONEDRIVE: C:\Users\ivoln\OneDrive
[DEBUG] env.OS: Windows_NT
[DEBUG] env.PATH: C:\Program Files (x86)\NVIDIA Corporation\PhysX\Common;C:\Program Files\Java\jdk-17.0.4.1\bin;C:\Users\ivoln\Desktop\apache-tomcat-9.0.71;C:\Program Files\Java\jdk-17.0.4.1;C:\Windows\system32;C:\Windows;C:\Windows\System32\Wbem;C:\Windows\System32\WindowsPowerShell\v1.0\;C:\Windows\System32\OpenSSH\;C:\Program Files\Maven\apache-maven-3.6.3\bin;C:\Program Files\nodejs\;C:\Users\ivoln\.jdks\adopt-openjdk-11.0.11\bin;C:\Program Files\PostgreSQL\14\bin;C:\WINDOWS\system32;C:\WINDOWS;C:\WINDOWS\System32\Wbem;C:\WINDOWS\System32\WindowsPowerShell\v1.0\;C:\WINDOWS\System32\OpenSSH\;C:\Program Files\dotnet\;C:\Program Files (x86)\GNU_Denemo\usr\bin;C:\Program Files\Docker\Docker\resources\bin;C:\Program Files\Git\cmd;C:\Program Files\Microsoft SQL Server\150\Tools\Binn\;C:\Program Files\Microsoft SQL Server\Client SDK\ODBC\170\Tools\Binn\;C:\Users\ivoln\AppData\Local\Programs\Python\Python312\Scripts\;C:\Users\ivoln\AppData\Local\Programs\Python\Python312\;C:\Users\ivoln\AppData\Local\Programs\Python\Launcher\;C:\Users\ivoln\AppData\Local\Microsoft\WindowsApps;C:\Program Files\JetBrains\IntelliJ IDEA 2024.2\bin;;C:\Users\ivoln\AppData\Roaming\npm;c:\development\kafka_2.13-3.3.1\bin\windows;C:\Program Files\PostgreSQL\15\bin;C:\Users\ivoln\AppData\Local\Programs\Microsoft VS Code\bin;C:\Users\ivoln\AppData\Local\GitHubDesktop\bin;C:\Program Files\ffmpeg\ffmpeg-2024-08-26-git-98610fe95f-full_build\bin;C:\Users\ivoln\.dotnet\tools
[DEBUG] env.PATHEXT: .COM;.EXE;.BAT;.CMD;.VBS;.VBE;.JS;.JSE;.WSF;.WSH;.MSC
[DEBUG] env.POSTGRES_HOME: C:\Program Files\PostgreSQL\14
[DEBUG] env.PROCESSOR_ARCHITECTURE: AMD64
[DEBUG] env.PROCESSOR_IDENTIFIER: AMD64 Family 25 Model 33 Stepping 0, AuthenticAMD
[DEBUG] env.PROCESSOR_LEVEL: 25
[DEBUG] env.PROCESSOR_REVISION: 2100
[DEBUG] env.PROGRAMDATA: C:\ProgramData
[DEBUG] env.PROGRAMFILES: C:\Program Files
[DEBUG] env.PROGRAMFILES(X86): C:\Program Files (x86)
[DEBUG] env.PROGRAMW6432: C:\Program Files
[DEBUG] env.PROMPT: $P$G
[DEBUG] env.PSMODULEPATH: C:\Program Files\WindowsPowerShell\Modules;C:\WINDOWS\system32\WindowsPowerShell\v1.0\Modules
[DEBUG] env.PUBLIC: C:\Users\Public
[DEBUG] env.SESSIONNAME: Console
[DEBUG] env.SYSTEMDRIVE: C:
[DEBUG] env.SYSTEMROOT: C:\WINDOWS
[DEBUG] env.TEMP: C:\Users\ivoln\AppData\Local\Temp
[DEBUG] env.TERMINAL_EMULATOR: JetBrains-JediTerm
[DEBUG] env.TERM_SESSION_ID: 21a1d144-feb6-4aad-8959-3fb38c79e1d4
[DEBUG] env.TMP: C:\Users\ivoln\AppData\Local\Temp
[DEBUG] env.USERDOMAIN: DESKTOP-0BTF92K
[DEBUG] env.USERDOMAIN_ROAMINGPROFILE: DESKTOP-0BTF92K
[DEBUG] env.USERNAME: IRoN
[DEBUG] env.USERPROFILE: C:\Users\ivoln
[DEBUG] env.WDIR: C:\Users\ivoln\IdeaProjects\article-library
[DEBUG] env.WINDIR: C:\WINDOWS
[DEBUG] file.encoding: UTF8
[DEBUG] file.separator: \
[DEBUG] flyway.version: 10.20.1
[DEBUG] freemarker.version: 2.3.34
[DEBUG] git-commit-id-maven-plugin.version: 9.0.1
[DEBUG] glassfish-jaxb.version: 4.0.5
[DEBUG] glassfish-jstl.version: 3.0.1
[DEBUG] graphql-java.version: 22.3
[DEBUG] groovy.version: 4.0.26
[DEBUG] gson.version: 2.11.0
[DEBUG] h2.version: 2.3.232
[DEBUG] hamcrest.version: 2.2
[DEBUG] hazelcast.version: 5.5.0
[DEBUG] hibernate-validator.version: 8.0.2.Final
[DEBUG] hibernate.version: 6.6.11.Final
[DEBUG] hikaricp.version: 5.1.0
[DEBUG] hsqldb.version: 2.7.3
[DEBUG] htmlunit.version: 4.5.0
[DEBUG] httpasyncclient.version: 4.1.5
[DEBUG] httpclient5.version: 5.4.2
[DEBUG] httpcore.version: 4.4.16
[DEBUG] httpcore5.version: 5.3.3
[DEBUG] infinispan.version: 15.0.14.Final
[DEBUG] influxdb-java.version: 2.24
[DEBUG] jackson-bom.version: 2.18.3
[DEBUG] jakarta-activation.version: 2.1.3
[DEBUG] jakarta-annotation.version: 2.1.1
[DEBUG] jakarta-inject.version: 2.0.1
[DEBUG] jakarta-jms.version: 3.1.0
[DEBUG] jakarta-json-bind.version: 3.0.1
[DEBUG] jakarta-json.version: 2.1.3
[DEBUG] jakarta-mail.version: 2.1.3
[DEBUG] jakarta-management.version: 1.1.4
[DEBUG] jakarta-persistence.version: 3.1.0
[DEBUG] jakarta-servlet-jsp-jstl.version: 3.0.2
[DEBUG] jakarta-servlet.version: 6.0.0
[DEBUG] jakarta-transaction.version: 2.0.1
[DEBUG] jakarta-validation.version: 3.0.2
[DEBUG] jakarta-websocket.version: 2.1.1
[DEBUG] jakarta-ws-rs.version: 3.1.0
[DEBUG] jakarta-xml-bind.version: 4.0.2
[DEBUG] jakarta-xml-soap.version: 3.0.2
[DEBUG] jakarta-xml-ws.version: 4.0.2
[DEBUG] jakarta.validation-api.version: 3.0.0
[DEBUG] janino.version: 3.1.12
[DEBUG] java.class.path: C:\Program Files\Maven\apache-maven-3.6.3\bin\..\boot\plexus-classworlds-2.6.0.jar
[DEBUG] java.class.version: 61.0
[DEBUG] java.home: C:\Program Files\Java\jdk-17.0.4.1
[DEBUG] java.io.tmpdir: C:\Users\ivoln\AppData\Local\Temp\
[DEBUG] java.library.path: C:\Program Files\Java\jdk-17.0.4.1\bin;C:\WINDOWS\Sun\Java\bin;C:\WINDOWS\system32;C:\WINDOWS;C:\Program Files (x86)\NVIDIA Corporation\PhysX\Common;C:\Program Files\Java\jdk-17.0.4.1\bin;C:\Users\ivoln\Desktop\apache-tomcat-9.0.71;C:\Program Files\Java\jdk-17.0.4.1;C:\Windows\system32;C:\Windows;C:\Windows\System32\Wbem;C:\Windows\System32\WindowsPowerShell\v1.0\;C:\Windows\System32\OpenSSH\;C:\Program Files\Maven\apache-maven-3.6.3\bin;C:\Program Files\nodejs\;C:\Users\ivoln\.jdks\adopt-openjdk-11.0.11\bin;C:\Program Files\PostgreSQL\14\bin;C:\WINDOWS\system32;C:\WINDOWS;C:\WINDOWS\System32\Wbem;C:\WINDOWS\System32\WindowsPowerShell\v1.0\;C:\WINDOWS\System32\OpenSSH\;C:\Program Files\dotnet\;C:\Program Files (x86)\GNU_Denemo\usr\bin;C:\Program Files\Docker\Docker\resources\bin;C:\Program Files\Git\cmd;C:\Program Files\Microsoft SQL Server\150\Tools\Binn\;C:\Program Files\Microsoft SQL Server\Client SDK\ODBC\170\Tools\Binn\;C:\Users\ivoln\AppData\Local\Programs\Python\Python312\Scripts\;C:\Users\ivoln\AppData\Local\Programs\Python\Python312\;C:\Users\ivoln\AppData\Local\Programs\Python\Launcher\;C:\Users\ivoln\AppData\Local\Microsoft\WindowsApps;C:\Program Files\JetBrains\IntelliJ IDEA 2024.2\bin;;C:\Users\ivoln\AppData\Roaming\npm;c:\development\kafka_2.13-3.3.1\bin\windows;C:\Program Files\PostgreSQL\15\bin;C:\Users\ivoln\AppData\Local\Programs\Microsoft VS Code\bin;C:\Users\ivoln\AppData\Local\GitHubDesktop\bin;C:\Program Files\ffmpeg\ffmpeg-2024-08-26-git-98610fe95f-full_build\bin;C:\Users\ivoln\.dotnet\tools;.
[DEBUG] java.runtime.name: Java(TM) SE Runtime Environment
[DEBUG] java.runtime.version: 17.0.4.1+1-LTS-2
[DEBUG] java.specification.name: Java Platform API Specification
[DEBUG] java.specification.vendor: Oracle Corporation
[DEBUG] java.specification.version: 17
[DEBUG] java.vendor: Oracle Corporation
[DEBUG] java.vendor.url: https://java.oracle.com/
[DEBUG] java.vendor.url.bug: https://bugreport.java.com/bugreport/
[DEBUG] java.version: 17.0.4.1
[DEBUG] java.version.date: 2022-08-18
[DEBUG] java.vm.compressedOopsMode: Zero based
[DEBUG] java.vm.info: mixed mode, sharing
[DEBUG] java.vm.name: Java HotSpot(TM) 64-Bit Server VM
[DEBUG] java.vm.specification.name: Java Virtual Machine Specification
[DEBUG] java.vm.specification.vendor: Oracle Corporation
[DEBUG] java.vm.specification.version: 17
[DEBUG] java.vm.vendor: Oracle Corporation
[DEBUG] java.vm.version: 17.0.4.1+1-LTS-2
[DEBUG] javax-cache.version: 1.1.1
[DEBUG] javax-money.version: 1.1
[DEBUG] jaxen.version: 2.0.0
[DEBUG] jaybird.version: 5.0.6.java11
[DEBUG] jboss-logging.version: 3.6.1.Final
[DEBUG] jdk.debug: release
[DEBUG] jdom2.version: 2.0.6.1
[DEBUG] jedis.version: 5.2.0
[DEBUG] jersey.version: 3.1.10
[DEBUG] jetty-reactive-httpclient.version: 4.0.9
[DEBUG] jetty.version: 12.0.18
[DEBUG] jmustache.version: 1.16
[DEBUG] jooq.version: 3.19.21
[DEBUG] json-path.version: 2.9.0
[DEBUG] json-smart.version: 2.5.2
[DEBUG] jsonassert.version: 1.5.3
[DEBUG] jtds.version: 1.3.1
[DEBUG] junit-jupiter.version: 5.11.4
[DEBUG] junit.version: 4.13.2
[DEBUG] kafka.version: 3.8.1
[DEBUG] kotlin-coroutines.version: 1.8.1
[DEBUG] kotlin-serialization.version: 1.6.3
[DEBUG] kotlin.version: 1.9.25
[DEBUG] lettuce.version: 6.4.2.RELEASE
[DEBUG] library.jansi.path: C:\Program Files\Maven\apache-maven-3.6.3\bin\..\lib\jansi-native
[DEBUG] line.separator: 

[DEBUG] liquibase.version: 4.29.2
[DEBUG] log4j2.version: 2.24.3
[DEBUG] logback.version: 1.5.18
[DEBUG] lombok.version: 1.18.36
[DEBUG] mariadb.version: 3.4.1
[DEBUG] maven-antrun-plugin.version: 3.1.0
[DEBUG] maven-assembly-plugin.version: 3.7.1
[DEBUG] maven-clean-plugin.version: 3.4.1
[DEBUG] maven-compiler-plugin.version: 3.13.0
[DEBUG] maven-dependency-plugin.version: 3.8.1
[DEBUG] maven-deploy-plugin.version: 3.1.4
[DEBUG] maven-enforcer-plugin.version: 3.5.0
[DEBUG] maven-failsafe-plugin.version: 3.5.2
[DEBUG] maven-help-plugin.version: 3.5.1
[DEBUG] maven-install-plugin.version: 3.1.4
[DEBUG] maven-invoker-plugin.version: 3.8.1
[DEBUG] maven-jar-plugin.version: 3.4.2
[DEBUG] maven-javadoc-plugin.version: 3.10.1
[DEBUG] maven-resources-plugin.version: 3.3.1
[DEBUG] maven-shade-plugin.version: 3.6.0
[DEBUG] maven-source-plugin.version: 3.3.1
[DEBUG] maven-surefire-plugin.version: 3.5.2
[DEBUG] maven-war-plugin.version: 3.4.0
[DEBUG] maven.build.timestamp: 2025-05-25T03:21:18Z
[DEBUG] maven.build.version: Apache Maven 3.6.3 (cecedd343002696d0abb50b32b541b8a6ba2883f)
[DEBUG] maven.compiler.release: 17
[DEBUG] maven.conf: C:\Program Files\Maven\apache-maven-3.6.3\bin\../conf
[DEBUG] maven.home: C:\Program Files\Maven\apache-maven-3.6.3\bin\..
[DEBUG] maven.multiModuleProjectDirectory: C:\Users\ivoln\IdeaProjects\article-library
[DEBUG] maven.version: 3.6.3
[DEBUG] micrometer-tracing.version: 1.4.4
[DEBUG] micrometer.version: 1.14.5
[DEBUG] mockito.version: 5.14.2
[DEBUG] mongodb.version: 5.2.1
[DEBUG] mssql-jdbc.version: 12.8.1.jre11
[DEBUG] mysql.version: 9.1.0
[DEBUG] native-build-tools-plugin.version: 0.10.6
[DEBUG] native.encoding: Cp1252
[DEBUG] nekohtml.version: 1.9.22
[DEBUG] neo4j-java-driver.version: 5.28.3
[DEBUG] netty.version: 4.1.119.Final
[DEBUG] opentelemetry.version: 1.43.0
[DEBUG] oracle-database.version: 23.5.0.24.07
[DEBUG] oracle-r2dbc.version: 1.2.0
[DEBUG] os.arch: amd64
[DEBUG] os.name: Windows 11
[DEBUG] os.version: 10.0
[DEBUG] path.separator: ;
[DEBUG] pooled-jms.version: 3.1.7
[DEBUG] postgresql.version: 42.7.5
[DEBUG] project.baseUri: file:/C:/Users/ivoln/IdeaProjects/article-library/it/
[DEBUG] project.build.sourceEncoding: UTF-8
[DEBUG] project.reporting.outputEncoding: UTF-8
[DEBUG] prometheus-client.version: 1.3.6
[DEBUG] prometheus-simpleclient.version: 0.16.0
[DEBUG] pulsar-reactive.version: 0.5.10
[DEBUG] pulsar.version: 3.3.5
[DEBUG] quartz.version: 2.3.2
[DEBUG] querydsl.version: 5.1.0
[DEBUG] r2dbc-h2.version: 1.0.0.RELEASE
[DEBUG] r2dbc-mariadb.version: 1.2.2
[DEBUG] r2dbc-mssql.version: 1.0.2.RELEASE
[DEBUG] r2dbc-mysql.version: 1.3.2
[DEBUG] r2dbc-pool.version: 1.0.2.RELEASE
[DEBUG] r2dbc-postgresql.version: 1.0.7.RELEASE
[DEBUG] r2dbc-proxy.version: 1.1.5.RELEASE
[DEBUG] r2dbc-spi.version: 1.0.0.RELEASE
[DEBUG] rabbit-amqp-client.version: 5.22.0
[DEBUG] rabbit-stream-client.version: 0.18.0
[DEBUG] reactive-streams.version: 1.0.4
[DEBUG] reactor-bom.version: 2024.0.4
[DEBUG] resource.delimiter: @
[DEBUG] rest-assured.version: 5.5.1
[DEBUG] rsocket.version: 1.1.5
[DEBUG] rxjava3.version: 3.1.10
[DEBUG] saaj-impl.version: 3.0.4
[DEBUG] selenium-htmlunit.version: 4.25.0
[DEBUG] selenium.version: 4.25.0
[DEBUG] sendgrid.version: 4.10.3
[DEBUG] slf4j.version: 2.0.17
[DEBUG] snakeyaml.version: 2.3
[DEBUG] spring-amqp.version: 3.2.4
[DEBUG] spring-authorization-server.version: 1.4.2
[DEBUG] spring-batch.version: 5.2.2
[DEBUG] spring-boot.run.main-class: ${start-class}
[DEBUG] spring-data-bom.version: 2024.1.4
[DEBUG] spring-framework.version: 6.2.5
[DEBUG] spring-graphql.version: 1.3.4
[DEBUG] spring-hateoas.version: 2.4.1
[DEBUG] spring-integration.version: 6.4.3
[DEBUG] spring-kafka.version: 3.3.4
[DEBUG] spring-ldap.version: 3.2.11
[DEBUG] spring-pulsar.version: 1.2.4
[DEBUG] spring-restdocs.version: 3.0.3
[DEBUG] spring-retry.version: 2.0.11
[DEBUG] spring-security.version: 6.4.4
[DEBUG] spring-session.version: 3.4.2
[DEBUG] spring-ws.version: 4.0.12
[DEBUG] springdoc-openapi.version: 2.3.0
[DEBUG] sqlite-jdbc.version: 3.47.2.0
[DEBUG] sun.arch.data.model: 64
[DEBUG] sun.boot.library.path: C:\Program Files\Java\jdk-17.0.4.1\bin
[DEBUG] sun.cpu.endian: little
[DEBUG] sun.cpu.isalist: amd64
[DEBUG] sun.io.unicode.encoding: UnicodeLittle
[DEBUG] sun.java.command: org.codehaus.plexus.classworlds.launcher.Launcher test -pl it -X
[DEBUG] sun.java.launcher: SUN_STANDARD
[DEBUG] sun.jnu.encoding: Cp1252
[DEBUG] sun.management.compiler: HotSpot 64-Bit Tiered Compilers
[DEBUG] sun.os.patch.level: 
[DEBUG] sun.stderr.encoding: cp437
[DEBUG] swagger-jakarta.version: 2.2.19
[DEBUG] testcontainers-redis-module.version: 2.2.4
[DEBUG] testcontainers.version: 1.20.6
[DEBUG] thymeleaf-extras-data-attribute.version: 2.0.1
[DEBUG] thymeleaf-extras-springsecurity.version: 3.1.3.RELEASE
[DEBUG] thymeleaf-layout-dialect.version: 3.3.0
[DEBUG] thymeleaf.version: 3.1.3.RELEASE
[DEBUG] tomcat.version: 10.1.39
[DEBUG] unboundid-ldapsdk.version: 6.0.11
[DEBUG] undertow.version: 2.3.18.Final
[DEBUG] user.country: US
[DEBUG] user.dir: C:\Users\ivoln\IdeaProjects\article-library
[DEBUG] user.home: C:\Users\ivoln
[DEBUG] user.language: en
[DEBUG] user.name: IRoN
[DEBUG] user.script: 
[DEBUG] user.variant: 
[DEBUG] validation-api.version: 2.0.1.Final
[DEBUG] versions-maven-plugin.version: 2.17.1
[DEBUG] webjars-locator-core.version: 0.59
[DEBUG] webjars-locator-lite.version: 1.0.1
[DEBUG] wsdl4j.version: 1.6.3
[DEBUG] xml-maven-plugin.version: 1.1.0
[DEBUG] xmlunit2.version: 2.10.0
[DEBUG] yasson.version: 3.0.4
[DEBUG] zipkin-reporter.version: 3.4.3
[DEBUG] Using 'UTF-8' encoding to copy filtered resources.
[DEBUG] Using 'UTF-8' encoding to copy filtered properties files.
[DEBUG] resource with targetPath null
directory C:\Users\ivoln\IdeaProjects\article-library\it\src\main\resources
excludes []
includes [**/application*.yml, **/application*.yaml, **/application*.properties]
[INFO] skip non existing resourceDirectory C:\Users\ivoln\IdeaProjects\article-library\it\src\main\resources
[DEBUG] resource with targetPath null
directory C:\Users\ivoln\IdeaProjects\article-library\it\src\main\resources
excludes [**/application*.yml, **/application*.yaml, **/application*.properties]
includes []
[INFO] skip non existing resourceDirectory C:\Users\ivoln\IdeaProjects\article-library\it\src\main\resources
[DEBUG] no user filter components
[INFO] 
[INFO] --- maven-compiler-plugin:3.13.0:compile (default-compile) @ it ---
[DEBUG] Dependency collection stats: {ConflictMarker.analyzeTime=20600, ConflictMarker.markTime=16400, ConflictMarker.nodeCount=22, ConflictIdSorter.graphTime=7200, ConflictIdSorter.topsortTime=14900, ConflictIdSorter.conflictIdCount=14, ConflictIdSorter.conflictIdCycleCount=0, ConflictResolver.totalTime=199000, ConflictResolver.conflictItemCount=22, DefaultDependencyCollector.collectTime=29797300, DefaultDependencyCollector.transformTime=278000}
[DEBUG] org.apache.maven.plugins:maven-compiler-plugin:jar:3.13.0
[DEBUG]    org.apache.maven.shared:maven-shared-utils:jar:3.4.2:compile
[DEBUG]       org.slf4j:slf4j-api:jar:1.7.36:compile
[DEBUG]       commons-io:commons-io:jar:2.11.0:compile
[DEBUG]    org.apache.maven.shared:maven-shared-incremental:jar:1.1:compile
[DEBUG]    org.codehaus.plexus:plexus-java:jar:1.2.0:compile
[DEBUG]       org.ow2.asm:asm:jar:9.6:compile
[DEBUG]       com.thoughtworks.qdox:qdox:jar:2.0.3:compile
[DEBUG]    org.codehaus.plexus:plexus-compiler-api:jar:2.15.0:compile
[DEBUG]    org.codehaus.plexus:plexus-compiler-manager:jar:2.15.0:compile
[DEBUG]       javax.inject:javax.inject:jar:1:compile
[DEBUG]       org.codehaus.plexus:plexus-xml:jar:3.0.0:compile (version managed from default)
[DEBUG]    org.codehaus.plexus:plexus-compiler-javac:jar:2.15.0:runtime
[DEBUG]    org.codehaus.plexus:plexus-utils:jar:4.0.0:compile
[DEBUG] Created new class realm plugin>org.apache.maven.plugins:maven-compiler-plugin:3.13.0
[DEBUG] Importing foreign packages into class realm plugin>org.apache.maven.plugins:maven-compiler-plugin:3.13.0
[DEBUG]   Imported:  < maven.api
[DEBUG] Populating class realm plugin>org.apache.maven.plugins:maven-compiler-plugin:3.13.0
[DEBUG]   Included: org.apache.maven.plugins:maven-compiler-plugin:jar:3.13.0
[DEBUG]   Included: org.apache.maven.shared:maven-shared-utils:jar:3.4.2
[DEBUG]   Included: commons-io:commons-io:jar:2.11.0
[DEBUG]   Included: org.apache.maven.shared:maven-shared-incremental:jar:1.1
[DEBUG]   Included: org.codehaus.plexus:plexus-java:jar:1.2.0
[DEBUG]   Included: org.ow2.asm:asm:jar:9.6
[DEBUG]   Included: com.thoughtworks.qdox:qdox:jar:2.0.3
[DEBUG]   Included: org.codehaus.plexus:plexus-compiler-api:jar:2.15.0
[DEBUG]   Included: org.codehaus.plexus:plexus-compiler-manager:jar:2.15.0
[DEBUG]   Included: org.codehaus.plexus:plexus-xml:jar:3.0.0
[DEBUG]   Included: org.codehaus.plexus:plexus-compiler-javac:jar:2.15.0
[DEBUG]   Included: org.codehaus.plexus:plexus-utils:jar:4.0.0
[DEBUG] Configuring mojo org.apache.maven.plugins:maven-compiler-plugin:3.13.0:compile from plugin realm ClassRealm[plugin>org.apache.maven.plugins:maven-compiler-plugin:3.13.0, parent: jdk.internal.loader.ClassLoaders$AppClassLoader@15db9742]
[DEBUG] Configuring mojo 'org.apache.maven.plugins:maven-compiler-plugin:3.13.0:compile' with basic configurator -->
[DEBUG]   (s) groupId = org.projectlombok
[DEBUG]   (s) artifactId = lombok
[DEBUG]   (s) version = 1.18.36
[DEBUG]   (f) annotationProcessorPaths = [org.projectlombok:lombok:1.18.36.jar]
[DEBUG]   (f) annotationProcessorPathsUseDepMgmt = false
[DEBUG]   (f) basedir = C:\Users\ivoln\IdeaProjects\article-library\it
[DEBUG]   (f) buildDirectory = C:\Users\ivoln\IdeaProjects\article-library\it\target
[DEBUG]   (f) compilePath = [C:\Users\ivoln\IdeaProjects\article-library\it\target\classes, C:\Users\ivoln\.m2\repository\org\projectlombok\lombok\1.18.36\lombok-1.18.36.jar]
[DEBUG]   (f) compileSourceRoots = [C:\Users\ivoln\IdeaProjects\article-library\it\src\main\java]
[DEBUG]   (f) compilerId = javac
[DEBUG]   (f) createMissingPackageInfoClass = true
[DEBUG]   (f) debug = true
[DEBUG]   (f) debugFileName = javac
[DEBUG]   (f) enablePreview = false
[DEBUG]   (f) encoding = UTF-8
[DEBUG]   (f) failOnError = true
[DEBUG]   (f) failOnWarning = false
[DEBUG]   (f) fileExtensions = [jar, class]
[DEBUG]   (f) forceJavacCompilerUse = false
[DEBUG]   (f) forceLegacyJavacApi = false
[DEBUG]   (f) fork = false
[DEBUG]   (f) generatedSourcesDirectory = C:\Users\ivoln\IdeaProjects\article-library\it\target\generated-sources\annotations
[DEBUG]   (f) mojoExecution = org.apache.maven.plugins:maven-compiler-plugin:3.13.0:compile {execution: default-compile}
[DEBUG]   (f) optimize = false
[DEBUG]   (f) outputDirectory = C:\Users\ivoln\IdeaProjects\article-library\it\target\classes
[DEBUG]   (f) parameters = true
[DEBUG]   (f) project = MavenProject: ua.com.ivolnov:it:0.0.1-SNAPSHOT @ C:\Users\ivoln\IdeaProjects\article-library\it\pom.xml
[DEBUG]   (f) projectArtifact = ua.com.ivolnov:it:jar:0.0.1-SNAPSHOT
[DEBUG]   (s) release = 17
[DEBUG]   (f) session = org.apache.maven.execution.MavenSession@5cb042da
[DEBUG]   (f) showCompilationChanges = false
[DEBUG]   (f) showDeprecation = false
[DEBUG]   (f) showWarnings = true
[DEBUG]   (f) skipMultiThreadWarning = false
[DEBUG]   (f) source = 17
[DEBUG]   (f) staleMillis = 0
[DEBUG]   (s) target = 17
[DEBUG]   (f) useIncrementalCompilation = true
[DEBUG]   (f) verbose = false
[DEBUG] -- end configuration --
[DEBUG] Using compiler 'javac'.
[INFO] No sources to compile
[INFO] 
[INFO] --- maven-resources-plugin:3.3.1:testResources (default-testResources) @ it ---
[DEBUG] Configuring mojo org.apache.maven.plugins:maven-resources-plugin:3.3.1:testResources from plugin realm ClassRealm[plugin>org.apache.maven.plugins:maven-resources-plugin:3.3.1, parent: jdk.internal.loader.ClassLoaders$AppClassLoader@15db9742]
[DEBUG] Configuring mojo 'org.apache.maven.plugins:maven-resources-plugin:3.3.1:testResources' with basic configurator -->
[DEBUG]   (f) addDefaultExcludes = true
[DEBUG]   (f) buildFilters = []
[DEBUG]   (s) delimiters = [@]
[DEBUG]   (f) encoding = UTF-8
[DEBUG]   (f) escapeWindowsPaths = true
[DEBUG]   (f) fileNameFiltering = false
[DEBUG]   (s) includeEmptyDirs = false
[DEBUG]   (s) outputDirectory = C:\Users\ivoln\IdeaProjects\article-library\it\target\test-classes
[DEBUG]   (s) overwrite = false
[DEBUG]   (f) project = MavenProject: ua.com.ivolnov:it:0.0.1-SNAPSHOT @ C:\Users\ivoln\IdeaProjects\article-library\it\pom.xml
[DEBUG]   (f) propertiesEncoding = UTF-8
[DEBUG]   (s) resources = [Resource {targetPath: null, filtering: false, FileSet {directory: C:\Users\ivoln\IdeaProjects\article-library\it\src\test\resources, PatternSet [includes: {}, excludes: {}]}}]
[DEBUG]   (f) session = org.apache.maven.execution.MavenSession@5cb042da
[DEBUG]   (f) skip = false
[DEBUG]   (f) supportMultiLineFiltering = false
[DEBUG]   (f) useBuildFilters = true
[DEBUG]   (s) useDefaultDelimiters = false
[DEBUG] -- end configuration --
[DEBUG] properties used:
[DEBUG] activemq.version: 6.1.6
[DEBUG] angus-mail.version: 2.0.3
[DEBUG] artemis.version: 2.37.0
[DEBUG] aspectj.version: 1.9.23
[DEBUG] assertj.version: 3.26.3
[DEBUG] awaitility.version: 4.2.2
[DEBUG] brave.version: 6.0.3
[DEBUG] build-helper-maven-plugin.version: 3.6.0
[DEBUG] byte-buddy.version: 1.15.11
[DEBUG] cache2k.version: 2.6.1.Final
[DEBUG] caffeine.version: 3.1.8
[DEBUG] cassandra-driver.version: 4.18.1
[DEBUG] classmate.version: 1.7.0
[DEBUG] classworlds.conf: C:\Program Files\Maven\apache-maven-3.6.3\bin\..\bin\m2.conf
[DEBUG] commons-codec.version: 1.17.2
[DEBUG] commons-dbcp2.version: 2.12.0
[DEBUG] commons-lang3.version: 3.17.0
[DEBUG] commons-pool.version: 1.6
[DEBUG] commons-pool2.version: 2.12.1
[DEBUG] couchbase-client.version: 3.7.8
[DEBUG] crac.version: 1.5.0
[DEBUG] cyclonedx-maven-plugin.version: 2.9.1
[DEBUG] db2-jdbc.version: 11.5.9.0
[DEBUG] dependency-management-plugin.version: 1.1.7
[DEBUG] derby.version: 10.16.1.1
[DEBUG] ehcache3.version: 3.10.8
[DEBUG] elasticsearch-client.version: 8.15.5
[DEBUG] env.=::: ::\
[DEBUG] env.=C:: C:\Users\ivoln\IdeaProjects\article-library
[DEBUG] env.=EXITCODE: 00000001
[DEBUG] env.ALLUSERSPROFILE: C:\ProgramData
[DEBUG] env.AMDRMSDKPATH: C:\Program Files\AMD\RyzenMasterSDK\
[DEBUG] env.APPDATA: C:\Users\ivoln\AppData\Roaming
[DEBUG] env.AV_APPDATA: C:\Users\ivoln\AppData\Roaming
[DEBUG] env.CATALINA_HOME: C:\Users\ivoln\Desktop\apache-tomcat-9.0.71
[DEBUG] env.CLASSWORLDS_JAR: "C:\Program Files\Maven\apache-maven-3.6.3\bin\..\boot\plexus-classworlds-2.6.0.jar"
[DEBUG] env.CLASSWORLDS_LAUNCHER: org.codehaus.plexus.classworlds.launcher.Launcher
[DEBUG] env.COMMONPROGRAMFILES: C:\Program Files\Common Files
[DEBUG] env.COMMONPROGRAMFILES(X86): C:\Program Files (x86)\Common Files
[DEBUG] env.COMMONPROGRAMW6432: C:\Program Files\Common Files
[DEBUG] env.COMPUTERNAME: DESKTOP-0BTF92K
[DEBUG] env.COMSPEC: C:\WINDOWS\system32\cmd.exe
[DEBUG] env.DRIVERDATA: C:\Windows\System32\Drivers\DriverData
[DEBUG] env.EFC_9988_1262719628: 1
[DEBUG] env.EFC_9988_1592913036: 1
[DEBUG] env.EFC_9988_2283032206: 1
[DEBUG] env.EFC_9988_2775293581: 1
[DEBUG] env.EFC_9988_3789132940: 1
[DEBUG] env.ERROR_CODE: 0
[DEBUG] env.EXEC_DIR: C:\Users\ivoln\IdeaProjects\article-library
[DEBUG] env.FPS_BROWSER_APP_PROFILE_STRING: Internet Explorer
[DEBUG] env.FPS_BROWSER_USER_PROFILE_STRING: Default
[DEBUG] env.HOMEDRIVE: C:
[DEBUG] env.HOMEPATH: \Users\ivoln
[DEBUG] env.IJ_RESTARTER_LOG: C:\Users\ivoln\AppData\Local\JetBrains\IntelliJIdea2024.2\log\restarter.log
[DEBUG] env.INTELLIJ IDEA: C:\Program Files\JetBrains\IntelliJ IDEA 2024.2\bin;
[DEBUG] env.JAVA11_HOME: C:\Users\ivoln\.jdks\adopt-openjdk-11.0.11
[DEBUG] env.JAVA17_HOME: C:\Program Files\Java\jdk-17.0.4.1
[DEBUG] env.JAVA8_HOME: c:\Users\ivoln\.jdks\adopt-openjdk-1.8.0_292
[DEBUG] env.JAVACMD: C:\Program Files\Java\jdk-17.0.4.1\bin\java.exe
[DEBUG] env.JAVA_HOME: C:\Program Files\Java\jdk-17.0.4.1
[DEBUG] env.JAVA_TOOL_OPTIONS: -Dfile.encoding=UTF8
[DEBUG] env.JRE_HOME: C:\Program Files\Java\jdk-17.0.4.1\bin
[DEBUG] env.JVMCONFIG: \.mvn\jvm.config
[DEBUG] env.LOCALAPPDATA: C:\Users\ivoln\AppData\Local
[DEBUG] env.LOGONSERVER: \\DESKTOP-0BTF92K
[DEBUG] env.MAVEN_CMD_LINE_ARGS: test -pl it -X
[DEBUG] env.MAVEN_HOME: C:\Program Files\Maven\apache-maven-3.6.3\bin\..
[DEBUG] env.MAVEN_PROJECTBASEDIR: C:\Users\ivoln\IdeaProjects\article-library
[DEBUG] env.NUMBER_OF_PROCESSORS: 24
[DEBUG] env.ONEDRIVE: C:\Users\ivoln\OneDrive
[DEBUG] env.OS: Windows_NT
[DEBUG] env.PATH: C:\Program Files (x86)\NVIDIA Corporation\PhysX\Common;C:\Program Files\Java\jdk-17.0.4.1\bin;C:\Users\ivoln\Desktop\apache-tomcat-9.0.71;C:\Program Files\Java\jdk-17.0.4.1;C:\Windows\system32;C:\Windows;C:\Windows\System32\Wbem;C:\Windows\System32\WindowsPowerShell\v1.0\;C:\Windows\System32\OpenSSH\;C:\Program Files\Maven\apache-maven-3.6.3\bin;C:\Program Files\nodejs\;C:\Users\ivoln\.jdks\adopt-openjdk-11.0.11\bin;C:\Program Files\PostgreSQL\14\bin;C:\WINDOWS\system32;C:\WINDOWS;C:\WINDOWS\System32\Wbem;C:\WINDOWS\System32\WindowsPowerShell\v1.0\;C:\WINDOWS\System32\OpenSSH\;C:\Program Files\dotnet\;C:\Program Files (x86)\GNU_Denemo\usr\bin;C:\Program Files\Docker\Docker\resources\bin;C:\Program Files\Git\cmd;C:\Program Files\Microsoft SQL Server\150\Tools\Binn\;C:\Program Files\Microsoft SQL Server\Client SDK\ODBC\170\Tools\Binn\;C:\Users\ivoln\AppData\Local\Programs\Python\Python312\Scripts\;C:\Users\ivoln\AppData\Local\Programs\Python\Python312\;C:\Users\ivoln\AppData\Local\Programs\Python\Launcher\;C:\Users\ivoln\AppData\Local\Microsoft\WindowsApps;C:\Program Files\JetBrains\IntelliJ IDEA 2024.2\bin;;C:\Users\ivoln\AppData\Roaming\npm;c:\development\kafka_2.13-3.3.1\bin\windows;C:\Program Files\PostgreSQL\15\bin;C:\Users\ivoln\AppData\Local\Programs\Microsoft VS Code\bin;C:\Users\ivoln\AppData\Local\GitHubDesktop\bin;C:\Program Files\ffmpeg\ffmpeg-2024-08-26-git-98610fe95f-full_build\bin;C:\Users\ivoln\.dotnet\tools
[DEBUG] env.PATHEXT: .COM;.EXE;.BAT;.CMD;.VBS;.VBE;.JS;.JSE;.WSF;.WSH;.MSC
[DEBUG] env.POSTGRES_HOME: C:\Program Files\PostgreSQL\14
[DEBUG] env.PROCESSOR_ARCHITECTURE: AMD64
[DEBUG] env.PROCESSOR_IDENTIFIER: AMD64 Family 25 Model 33 Stepping 0, AuthenticAMD
[DEBUG] env.PROCESSOR_LEVEL: 25
[DEBUG] env.PROCESSOR_REVISION: 2100
[DEBUG] env.PROGRAMDATA: C:\ProgramData
[DEBUG] env.PROGRAMFILES: C:\Program Files
[DEBUG] env.PROGRAMFILES(X86): C:\Program Files (x86)
[DEBUG] env.PROGRAMW6432: C:\Program Files
[DEBUG] env.PROMPT: $P$G
[DEBUG] env.PSMODULEPATH: C:\Program Files\WindowsPowerShell\Modules;C:\WINDOWS\system32\WindowsPowerShell\v1.0\Modules
[DEBUG] env.PUBLIC: C:\Users\Public
[DEBUG] env.SESSIONNAME: Console
[DEBUG] env.SYSTEMDRIVE: C:
[DEBUG] env.SYSTEMROOT: C:\WINDOWS
[DEBUG] env.TEMP: C:\Users\ivoln\AppData\Local\Temp
[DEBUG] env.TERMINAL_EMULATOR: JetBrains-JediTerm
[DEBUG] env.TERM_SESSION_ID: 21a1d144-feb6-4aad-8959-3fb38c79e1d4
[DEBUG] env.TMP: C:\Users\ivoln\AppData\Local\Temp
[DEBUG] env.USERDOMAIN: DESKTOP-0BTF92K
[DEBUG] env.USERDOMAIN_ROAMINGPROFILE: DESKTOP-0BTF92K
[DEBUG] env.USERNAME: IRoN
[DEBUG] env.USERPROFILE: C:\Users\ivoln
[DEBUG] env.WDIR: C:\Users\ivoln\IdeaProjects\article-library
[DEBUG] env.WINDIR: C:\WINDOWS
[DEBUG] file.encoding: UTF8
[DEBUG] file.separator: \
[DEBUG] flyway.version: 10.20.1
[DEBUG] freemarker.version: 2.3.34
[DEBUG] git-commit-id-maven-plugin.version: 9.0.1
[DEBUG] glassfish-jaxb.version: 4.0.5
[DEBUG] glassfish-jstl.version: 3.0.1
[DEBUG] graphql-java.version: 22.3
[DEBUG] groovy.version: 4.0.26
[DEBUG] gson.version: 2.11.0
[DEBUG] h2.version: 2.3.232
[DEBUG] hamcrest.version: 2.2
[DEBUG] hazelcast.version: 5.5.0
[DEBUG] hibernate-validator.version: 8.0.2.Final
[DEBUG] hibernate.version: 6.6.11.Final
[DEBUG] hikaricp.version: 5.1.0
[DEBUG] hsqldb.version: 2.7.3
[DEBUG] htmlunit.version: 4.5.0
[DEBUG] httpasyncclient.version: 4.1.5
[DEBUG] httpclient5.version: 5.4.2
[DEBUG] httpcore.version: 4.4.16
[DEBUG] httpcore5.version: 5.3.3
[DEBUG] infinispan.version: 15.0.14.Final
[DEBUG] influxdb-java.version: 2.24
[DEBUG] jackson-bom.version: 2.18.3
[DEBUG] jakarta-activation.version: 2.1.3
[DEBUG] jakarta-annotation.version: 2.1.1
[DEBUG] jakarta-inject.version: 2.0.1
[DEBUG] jakarta-jms.version: 3.1.0
[DEBUG] jakarta-json-bind.version: 3.0.1
[DEBUG] jakarta-json.version: 2.1.3
[DEBUG] jakarta-mail.version: 2.1.3
[DEBUG] jakarta-management.version: 1.1.4
[DEBUG] jakarta-persistence.version: 3.1.0
[DEBUG] jakarta-servlet-jsp-jstl.version: 3.0.2
[DEBUG] jakarta-servlet.version: 6.0.0
[DEBUG] jakarta-transaction.version: 2.0.1
[DEBUG] jakarta-validation.version: 3.0.2
[DEBUG] jakarta-websocket.version: 2.1.1
[DEBUG] jakarta-ws-rs.version: 3.1.0
[DEBUG] jakarta-xml-bind.version: 4.0.2
[DEBUG] jakarta-xml-soap.version: 3.0.2
[DEBUG] jakarta-xml-ws.version: 4.0.2
[DEBUG] jakarta.validation-api.version: 3.0.0
[DEBUG] janino.version: 3.1.12
[DEBUG] java.class.path: C:\Program Files\Maven\apache-maven-3.6.3\bin\..\boot\plexus-classworlds-2.6.0.jar
[DEBUG] java.class.version: 61.0
[DEBUG] java.home: C:\Program Files\Java\jdk-17.0.4.1
[DEBUG] java.io.tmpdir: C:\Users\ivoln\AppData\Local\Temp\
[DEBUG] java.library.path: C:\Program Files\Java\jdk-17.0.4.1\bin;C:\WINDOWS\Sun\Java\bin;C:\WINDOWS\system32;C:\WINDOWS;C:\Program Files (x86)\NVIDIA Corporation\PhysX\Common;C:\Program Files\Java\jdk-17.0.4.1\bin;C:\Users\ivoln\Desktop\apache-tomcat-9.0.71;C:\Program Files\Java\jdk-17.0.4.1;C:\Windows\system32;C:\Windows;C:\Windows\System32\Wbem;C:\Windows\System32\WindowsPowerShell\v1.0\;C:\Windows\System32\OpenSSH\;C:\Program Files\Maven\apache-maven-3.6.3\bin;C:\Program Files\nodejs\;C:\Users\ivoln\.jdks\adopt-openjdk-11.0.11\bin;C:\Program Files\PostgreSQL\14\bin;C:\WINDOWS\system32;C:\WINDOWS;C:\WINDOWS\System32\Wbem;C:\WINDOWS\System32\WindowsPowerShell\v1.0\;C:\WINDOWS\System32\OpenSSH\;C:\Program Files\dotnet\;C:\Program Files (x86)\GNU_Denemo\usr\bin;C:\Program Files\Docker\Docker\resources\bin;C:\Program Files\Git\cmd;C:\Program Files\Microsoft SQL Server\150\Tools\Binn\;C:\Program Files\Microsoft SQL Server\Client SDK\ODBC\170\Tools\Binn\;C:\Users\ivoln\AppData\Local\Programs\Python\Python312\Scripts\;C:\Users\ivoln\AppData\Local\Programs\Python\Python312\;C:\Users\ivoln\AppData\Local\Programs\Python\Launcher\;C:\Users\ivoln\AppData\Local\Microsoft\WindowsApps;C:\Program Files\JetBrains\IntelliJ IDEA 2024.2\bin;;C:\Users\ivoln\AppData\Roaming\npm;c:\development\kafka_2.13-3.3.1\bin\windows;C:\Program Files\PostgreSQL\15\bin;C:\Users\ivoln\AppData\Local\Programs\Microsoft VS Code\bin;C:\Users\ivoln\AppData\Local\GitHubDesktop\bin;C:\Program Files\ffmpeg\ffmpeg-2024-08-26-git-98610fe95f-full_build\bin;C:\Users\ivoln\.dotnet\tools;.
[DEBUG] java.runtime.name: Java(TM) SE Runtime Environment
[DEBUG] java.runtime.version: 17.0.4.1+1-LTS-2
[DEBUG] java.specification.name: Java Platform API Specification
[DEBUG] java.specification.vendor: Oracle Corporation
[DEBUG] java.specification.version: 17
[DEBUG] java.vendor: Oracle Corporation
[DEBUG] java.vendor.url: https://java.oracle.com/
[DEBUG] java.vendor.url.bug: https://bugreport.java.com/bugreport/
[DEBUG] java.version: 17.0.4.1
[DEBUG] java.version.date: 2022-08-18
[DEBUG] java.vm.compressedOopsMode: Zero based
[DEBUG] java.vm.info: mixed mode, sharing
[DEBUG] java.vm.name: Java HotSpot(TM) 64-Bit Server VM
[DEBUG] java.vm.specification.name: Java Virtual Machine Specification
[DEBUG] java.vm.specification.vendor: Oracle Corporation
[DEBUG] java.vm.specification.version: 17
[DEBUG] java.vm.vendor: Oracle Corporation
[DEBUG] java.vm.version: 17.0.4.1+1-LTS-2
[DEBUG] javax-cache.version: 1.1.1
[DEBUG] javax-money.version: 1.1
[DEBUG] jaxen.version: 2.0.0
[DEBUG] jaybird.version: 5.0.6.java11
[DEBUG] jboss-logging.version: 3.6.1.Final
[DEBUG] jdk.debug: release
[DEBUG] jdom2.version: 2.0.6.1
[DEBUG] jedis.version: 5.2.0
[DEBUG] jersey.version: 3.1.10
[DEBUG] jetty-reactive-httpclient.version: 4.0.9
[DEBUG] jetty.version: 12.0.18
[DEBUG] jmustache.version: 1.16
[DEBUG] jooq.version: 3.19.21
[DEBUG] json-path.version: 2.9.0
[DEBUG] json-smart.version: 2.5.2
[DEBUG] jsonassert.version: 1.5.3
[DEBUG] jtds.version: 1.3.1
[DEBUG] junit-jupiter.version: 5.11.4
[DEBUG] junit.version: 4.13.2
[DEBUG] kafka.version: 3.8.1
[DEBUG] kotlin-coroutines.version: 1.8.1
[DEBUG] kotlin-serialization.version: 1.6.3
[DEBUG] kotlin.version: 1.9.25
[DEBUG] lettuce.version: 6.4.2.RELEASE
[DEBUG] library.jansi.path: C:\Program Files\Maven\apache-maven-3.6.3\bin\..\lib\jansi-native
[DEBUG] line.separator: 

[DEBUG] liquibase.version: 4.29.2
[DEBUG] log4j2.version: 2.24.3
[DEBUG] logback.version: 1.5.18
[DEBUG] lombok.version: 1.18.36
[DEBUG] mariadb.version: 3.4.1
[DEBUG] maven-antrun-plugin.version: 3.1.0
[DEBUG] maven-assembly-plugin.version: 3.7.1
[DEBUG] maven-clean-plugin.version: 3.4.1
[DEBUG] maven-compiler-plugin.version: 3.13.0
[DEBUG] maven-dependency-plugin.version: 3.8.1
[DEBUG] maven-deploy-plugin.version: 3.1.4
[DEBUG] maven-enforcer-plugin.version: 3.5.0
[DEBUG] maven-failsafe-plugin.version: 3.5.2
[DEBUG] maven-help-plugin.version: 3.5.1
[DEBUG] maven-install-plugin.version: 3.1.4
[DEBUG] maven-invoker-plugin.version: 3.8.1
[DEBUG] maven-jar-plugin.version: 3.4.2
[DEBUG] maven-javadoc-plugin.version: 3.10.1
[DEBUG] maven-resources-plugin.version: 3.3.1
[DEBUG] maven-shade-plugin.version: 3.6.0
[DEBUG] maven-source-plugin.version: 3.3.1
[DEBUG] maven-surefire-plugin.version: 3.5.2
[DEBUG] maven-war-plugin.version: 3.4.0
[DEBUG] maven.build.timestamp: 2025-05-25T03:21:18Z
[DEBUG] maven.build.version: Apache Maven 3.6.3 (cecedd343002696d0abb50b32b541b8a6ba2883f)
[DEBUG] maven.compiler.release: 17
[DEBUG] maven.conf: C:\Program Files\Maven\apache-maven-3.6.3\bin\../conf
[DEBUG] maven.home: C:\Program Files\Maven\apache-maven-3.6.3\bin\..
[DEBUG] maven.multiModuleProjectDirectory: C:\Users\ivoln\IdeaProjects\article-library
[DEBUG] maven.version: 3.6.3
[DEBUG] micrometer-tracing.version: 1.4.4
[DEBUG] micrometer.version: 1.14.5
[DEBUG] mockito.version: 5.14.2
[DEBUG] mongodb.version: 5.2.1
[DEBUG] mssql-jdbc.version: 12.8.1.jre11
[DEBUG] mysql.version: 9.1.0
[DEBUG] native-build-tools-plugin.version: 0.10.6
[DEBUG] native.encoding: Cp1252
[DEBUG] nekohtml.version: 1.9.22
[DEBUG] neo4j-java-driver.version: 5.28.3
[DEBUG] netty.version: 4.1.119.Final
[DEBUG] opentelemetry.version: 1.43.0
[DEBUG] oracle-database.version: 23.5.0.24.07
[DEBUG] oracle-r2dbc.version: 1.2.0
[DEBUG] os.arch: amd64
[DEBUG] os.name: Windows 11
[DEBUG] os.version: 10.0
[DEBUG] path.separator: ;
[DEBUG] pooled-jms.version: 3.1.7
[DEBUG] postgresql.version: 42.7.5
[DEBUG] project.baseUri: file:/C:/Users/ivoln/IdeaProjects/article-library/it/
[DEBUG] project.build.sourceEncoding: UTF-8
[DEBUG] project.reporting.outputEncoding: UTF-8
[DEBUG] prometheus-client.version: 1.3.6
[DEBUG] prometheus-simpleclient.version: 0.16.0
[DEBUG] pulsar-reactive.version: 0.5.10
[DEBUG] pulsar.version: 3.3.5
[DEBUG] quartz.version: 2.3.2
[DEBUG] querydsl.version: 5.1.0
[DEBUG] r2dbc-h2.version: 1.0.0.RELEASE
[DEBUG] r2dbc-mariadb.version: 1.2.2
[DEBUG] r2dbc-mssql.version: 1.0.2.RELEASE
[DEBUG] r2dbc-mysql.version: 1.3.2
[DEBUG] r2dbc-pool.version: 1.0.2.RELEASE
[DEBUG] r2dbc-postgresql.version: 1.0.7.RELEASE
[DEBUG] r2dbc-proxy.version: 1.1.5.RELEASE
[DEBUG] r2dbc-spi.version: 1.0.0.RELEASE
[DEBUG] rabbit-amqp-client.version: 5.22.0
[DEBUG] rabbit-stream-client.version: 0.18.0
[DEBUG] reactive-streams.version: 1.0.4
[DEBUG] reactor-bom.version: 2024.0.4
[DEBUG] resource.delimiter: @
[DEBUG] rest-assured.version: 5.5.1
[DEBUG] rsocket.version: 1.1.5
[DEBUG] rxjava3.version: 3.1.10
[DEBUG] saaj-impl.version: 3.0.4
[DEBUG] selenium-htmlunit.version: 4.25.0
[DEBUG] selenium.version: 4.25.0
[DEBUG] sendgrid.version: 4.10.3
[DEBUG] slf4j.version: 2.0.17
[DEBUG] snakeyaml.version: 2.3
[DEBUG] spring-amqp.version: 3.2.4
[DEBUG] spring-authorization-server.version: 1.4.2
[DEBUG] spring-batch.version: 5.2.2
[DEBUG] spring-boot.run.main-class: ${start-class}
[DEBUG] spring-data-bom.version: 2024.1.4
[DEBUG] spring-framework.version: 6.2.5
[DEBUG] spring-graphql.version: 1.3.4
[DEBUG] spring-hateoas.version: 2.4.1
[DEBUG] spring-integration.version: 6.4.3
[DEBUG] spring-kafka.version: 3.3.4
[DEBUG] spring-ldap.version: 3.2.11
[DEBUG] spring-pulsar.version: 1.2.4
[DEBUG] spring-restdocs.version: 3.0.3
[DEBUG] spring-retry.version: 2.0.11
[DEBUG] spring-security.version: 6.4.4
[DEBUG] spring-session.version: 3.4.2
[DEBUG] spring-ws.version: 4.0.12
[DEBUG] springdoc-openapi.version: 2.3.0
[DEBUG] sqlite-jdbc.version: 3.47.2.0
[DEBUG] sun.arch.data.model: 64
[DEBUG] sun.boot.library.path: C:\Program Files\Java\jdk-17.0.4.1\bin
[DEBUG] sun.cpu.endian: little
[DEBUG] sun.cpu.isalist: amd64
[DEBUG] sun.io.unicode.encoding: UnicodeLittle
[DEBUG] sun.java.command: org.codehaus.plexus.classworlds.launcher.Launcher test -pl it -X
[DEBUG] sun.java.launcher: SUN_STANDARD
[DEBUG] sun.jnu.encoding: Cp1252
[DEBUG] sun.management.compiler: HotSpot 64-Bit Tiered Compilers
[DEBUG] sun.os.patch.level: 
[DEBUG] sun.stderr.encoding: cp437
[DEBUG] swagger-jakarta.version: 2.2.19
[DEBUG] testcontainers-redis-module.version: 2.2.4
[DEBUG] testcontainers.version: 1.20.6
[DEBUG] thymeleaf-extras-data-attribute.version: 2.0.1
[DEBUG] thymeleaf-extras-springsecurity.version: 3.1.3.RELEASE
[DEBUG] thymeleaf-layout-dialect.version: 3.3.0
[DEBUG] thymeleaf.version: 3.1.3.RELEASE
[DEBUG] tomcat.version: 10.1.39
[DEBUG] unboundid-ldapsdk.version: 6.0.11
[DEBUG] undertow.version: 2.3.18.Final
[DEBUG] user.country: US
[DEBUG] user.dir: C:\Users\ivoln\IdeaProjects\article-library
[DEBUG] user.home: C:\Users\ivoln
[DEBUG] user.language: en
[DEBUG] user.name: IRoN
[DEBUG] user.script: 
[DEBUG] user.variant: 
[DEBUG] validation-api.version: 2.0.1.Final
[DEBUG] versions-maven-plugin.version: 2.17.1
[DEBUG] webjars-locator-core.version: 0.59
[DEBUG] webjars-locator-lite.version: 1.0.1
[DEBUG] wsdl4j.version: 1.6.3
[DEBUG] xml-maven-plugin.version: 1.1.0
[DEBUG] xmlunit2.version: 2.10.0
[DEBUG] yasson.version: 3.0.4
[DEBUG] zipkin-reporter.version: 3.4.3
[DEBUG] Using 'UTF-8' encoding to copy filtered resources.
[DEBUG] Using 'UTF-8' encoding to copy filtered properties files.
[DEBUG] resource with targetPath null
directory C:\Users\ivoln\IdeaProjects\article-library\it\src\test\resources
excludes []
includes []
[DEBUG] ignoreDelta true
[INFO] Copying 0 resource from src\test\resources to target\test-classes
[DEBUG] no user filter components
[INFO] 
[INFO] --- maven-compiler-plugin:3.13.0:testCompile (default-testCompile) @ it ---
[DEBUG] Configuring mojo org.apache.maven.plugins:maven-compiler-plugin:3.13.0:testCompile from plugin realm ClassRealm[plugin>org.apache.maven.plugins:maven-compiler-plugin:3.13.0, parent: jdk.internal.loader.ClassLoaders$AppClassLoader@15db9742]
[DEBUG] Configuring mojo 'org.apache.maven.plugins:maven-compiler-plugin:3.13.0:testCompile' with basic configurator -->
[DEBUG]   (s) groupId = org.projectlombok
[DEBUG]   (s) artifactId = lombok
[DEBUG]   (s) version = 1.18.36
[DEBUG]   (f) annotationProcessorPaths = [org.projectlombok:lombok:1.18.36.jar]
[DEBUG]   (f) annotationProcessorPathsUseDepMgmt = false
[DEBUG]   (f) basedir = C:\Users\ivoln\IdeaProjects\article-library\it
[DEBUG]   (f) buildDirectory = C:\Users\ivoln\IdeaProjects\article-library\it\target
[DEBUG]   (f) compileSourceRoots = [C:\Users\ivoln\IdeaProjects\article-library\it\src\test\java]
[DEBUG]   (f) compilerId = javac
[DEBUG]   (f) createMissingPackageInfoClass = true
[DEBUG]   (f) debug = true
[DEBUG]   (f) debugFileName = javac-test
[DEBUG]   (f) enablePreview = false
[DEBUG]   (f) encoding = UTF-8
[DEBUG]   (f) failOnError = true
[DEBUG]   (f) failOnWarning = false
[DEBUG]   (f) fileExtensions = [jar, class]
[DEBUG]   (f) forceJavacCompilerUse = false
[DEBUG]   (f) forceLegacyJavacApi = false
[DEBUG]   (f) fork = false
[DEBUG]   (f) generatedTestSourcesDirectory = C:\Users\ivoln\IdeaProjects\article-library\it\target\generated-test-sources\test-annotations
[DEBUG]   (f) mojoExecution = org.apache.maven.plugins:maven-compiler-plugin:3.13.0:testCompile {execution: default-testCompile}
[DEBUG]   (f) optimize = false
[DEBUG]   (f) outputDirectory = C:\Users\ivoln\IdeaProjects\article-library\it\target\test-classes
[DEBUG]   (f) parameters = true
[DEBUG]   (f) project = MavenProject: ua.com.ivolnov:it:0.0.1-SNAPSHOT @ C:\Users\ivoln\IdeaProjects\article-library\it\pom.xml
[DEBUG]   (s) release = 17
[DEBUG]   (f) session = org.apache.maven.execution.MavenSession@5cb042da
[DEBUG]   (f) showCompilationChanges = false
[DEBUG]   (f) showDeprecation = false
[DEBUG]   (f) showWarnings = true
[DEBUG]   (f) skipMultiThreadWarning = false
[DEBUG]   (f) source = 17
[DEBUG]   (f) staleMillis = 0
[DEBUG]   (s) target = 17
[DEBUG]   (f) testPath = [C:\Users\ivoln\IdeaProjects\article-library\it\target\test-classes, C:\Users\ivoln\IdeaProjects\article-library\it\target\classes, C:\Users\ivoln\.m2\repository\ua\com\ivolnov\web\0.0.1-SNAPSHOT\web-0.0.1-SNAPSHOT.jar, C:\Users\ivoln\.m2\repository\ua\com\ivolnov\rest\0.0.1-SNAPSHOT\rest-0.0.1-SNAPSHOT.jar, C:\Users\ivoln\.m2\repository\ua\com\ivolnov\service\0.0.1-SNAPSHOT\service-0.0.1-SNAPSHOT.jar, C:\Users\ivoln\.m2\repository\ua\com\ivolnov\domain\0.0.1-SNAPSHOT\domain-0.0.1-SNAPSHOT.jar, C:\Users\ivoln\.m2\repository\org\springframework\boot\spring-boot-starter-data-jpa\3.4.4\spring-boot-starter-data-jpa-3.4.4.jar, C:\Users\ivoln\.m2\repository\org\springframework\boot\spring-boot-starter-jdbc\3.4.4\spring-boot-starter-jdbc-3.4.4.jar, C:\Users\ivoln\.m2\repository\com\zaxxer\HikariCP\5.1.0\HikariCP-5.1.0.jar, C:\Users\ivoln\.m2\repository\org\springframework\spring-jdbc\6.2.5\spring-jdbc-6.2.5.jar, C:\Users\ivoln\.m2\repository\org\hibernate\orm\hibernate-core\6.6.11.Final\hibernate-core-6.6.11.Final.jar, C:\Users\ivoln\.m2\repository\jakarta\persistence\jakarta.persistence-api\3.1.0\jakarta.persistence-api-3.1.0.jar, C:\Users\ivoln\.m2\repository\jakarta\transaction\jakarta.transaction-api\2.0.1\jakarta.transaction-api-2.0.1.jar, C:\Users\ivoln\.m2\repository\org\hibernate\common\hibernate-commons-annotations\7.0.3.Final\hibernate-commons-annotations-7.0.3.Final.jar, C:\Users\ivoln\.m2\repository\io\smallrye\jandex\3.2.0\jandex-3.2.0.jar, C:\Users\ivoln\.m2\repository\org\glassfish\jaxb\jaxb-runtime\4.0.5\jaxb-runtime-4.0.5.jar, C:\Users\ivoln\.m2\repository\org\glassfish\jaxb\jaxb-core\4.0.5\jaxb-core-4.0.5.jar, C:\Users\ivoln\.m2\repository\org\eclipse\angus\angus-activation\2.0.2\angus-activation-2.0.2.jar, C:\Users\ivoln\.m2\repository\org\glassfish\jaxb\txw2\4.0.5\txw2-4.0.5.jar, C:\Users\ivoln\.m2\repository\com\sun\istack\istack-commons-runtime\4.1.2\istack-commons-runtime-4.1.2.jar, C:\Users\ivoln\.m2\repository\jakarta\inject\jakarta.inject-api\2.0.1\jakarta.inject-api-2.0.1.jar, C:\Users\ivoln\.m2\repository\org\antlr\antlr4-runtime\4.13.0\antlr4-runtime-4.13.0.jar, C:\Users\ivoln\.m2\repository\org\springframework\data\spring-data-jpa\3.4.4\spring-data-jpa-3.4.4.jar, C:\Users\ivoln\.m2\repository\org\springframework\data\spring-data-commons\3.4.4\spring-data-commons-3.4.4.jar, C:\Users\ivoln\.m2\repository\org\springframework\spring-orm\6.2.5\spring-orm-6.2.5.jar, C:\Users\ivoln\.m2\repository\org\springframework\spring-tx\6.2.5\spring-tx-6.2.5.jar, C:\Users\ivoln\.m2\repository\org\springframework\spring-aspects\6.2.5\spring-aspects-6.2.5.jar, C:\Users\ivoln\.m2\repository\org\aspectj\aspectjweaver\1.9.23\aspectjweaver-1.9.23.jar, C:\Users\ivoln\.m2\repository\org\postgresql\postgresql\42.7.5\postgresql-42.7.5.jar, C:\Users\ivoln\.m2\repository\org\checkerframework\checker-qual\3.48.3\checker-qual-3.48.3.jar, C:\Users\ivoln\.m2\repository\org\liquibase\liquibase-core\4.29.2\liquibase-core-4.29.2.jar, C:\Users\ivoln\.m2\repository\com\opencsv\opencsv\5.9\opencsv-5.9.jar, C:\Users\ivoln\.m2\repository\javax\xml\bind\jaxb-api\2.3.1\jaxb-api-2.3.1.jar, C:\Users\ivoln\.m2\repository\commons-io\commons-io\2.16.1\commons-io-2.16.1.jar, C:\Users\ivoln\.m2\repository\org\apache\commons\commons-collections4\4.4\commons-collections4-4.4.jar, C:\Users\ivoln\.m2\repository\org\apache\commons\commons-text\1.12.0\commons-text-1.12.0.jar, C:\Users\ivoln\.m2\repository\org\apache\commons\commons-lang3\3.17.0\commons-lang3-3.17.0.jar, C:\Users\ivoln\.m2\repository\org\springframework\spring-context\6.2.5\spring-context-6.2.5.jar, C:\Users\ivoln\.m2\repository\com\fasterxml\jackson\core\jackson-annotations\2.18.3\jackson-annotations-2.18.3.jar, C:\Users\ivoln\.m2\repository\com\fasterxml\jackson\core\jackson-databind\2.18.3\jackson-databind-2.18.3.jar, C:\Users\ivoln\.m2\repository\com\fasterxml\jackson\core\jackson-core\2.18.3\jackson-core-2.18.3.jar, C:\Users\ivoln\.m2\repository\org\springframework\boot\spring-boot-starter-validation\3.4.4\spring-boot-starter-validation-3.4.4.jar, C:\Users\ivoln\.m2\repository\org\apache\tomcat\embed\tomcat-embed-el\10.1.39\tomcat-embed-el-10.1.39.jar, C:\Users\ivoln\.m2\repository\org\hibernate\validator\hibernate-validator\8.0.2.Final\hibernate-validator-8.0.2.Final.jar, C:\Users\ivoln\.m2\repository\jakarta\validation\jakarta.validation-api\3.0.2\jakarta.validation-api-3.0.2.jar, C:\Users\ivoln\.m2\repository\org\jboss\logging\jboss-logging\3.6.1.Final\jboss-logging-3.6.1.Final.jar, C:\Users\ivoln\.m2\repository\com\fasterxml\classmate\1.7.0\classmate-1.7.0.jar, C:\Users\ivoln\.m2\repository\org\springdoc\springdoc-openapi-starter-webmvc-ui\2.3.0\springdoc-openapi-starter-webmvc-ui-2.3.0.jar, C:\Users\ivoln\.m2\repository\org\springdoc\springdoc-openapi-starter-webmvc-api\2.3.0\springdoc-openapi-starter-webmvc-api-2.3.0.jar, C:\Users\ivoln\.m2\repository\org\springdoc\springdoc-openapi-starter-common\2.3.0\springdoc-openapi-starter-common-2.3.0.jar, C:\Users\ivoln\.m2\repository\io\swagger\core\v3\swagger-core-jakarta\2.2.19\swagger-core-jakarta-2.2.19.jar, C:\Users\ivoln\.m2\repository\io\swagger\core\v3\swagger-annotations-jakarta\2.2.19\swagger-annotations-jakarta-2.2.19.jar, C:\Users\ivoln\.m2\repository\io\swagger\core\v3\swagger-models-jakarta\2.2.19\swagger-models-jakarta-2.2.19.jar, C:\Users\ivoln\.m2\repository\com\fasterxml\jackson\dataformat\jackson-dataformat-yaml\2.18.3\jackson-dataformat-yaml-2.18.3.jar, C:\Users\ivoln\.m2\repository\org\webjars\swagger-ui\5.10.3\swagger-ui-5.10.3.jar, C:\Users\ivoln\.m2\repository\org\springframework\boot\spring-boot-starter-web\3.4.4\spring-boot-starter-web-3.4.4.jar, C:\Users\ivoln\.m2\repository\org\springframework\boot\spring-boot-starter-json\3.4.4\spring-boot-starter-json-3.4.4.jar, C:\Users\ivoln\.m2\repository\com\fasterxml\jackson\datatype\jackson-datatype-jdk8\2.18.3\jackson-datatype-jdk8-2.18.3.jar, C:\Users\ivoln\.m2\repository\com\fasterxml\jackson\datatype\jackson-datatype-jsr310\2.18.3\jackson-datatype-jsr310-2.18.3.jar, C:\Users\ivoln\.m2\repository\com\fasterxml\jackson\module\jackson-module-parameter-names\2.18.3\jackson-module-parameter-names-2.18.3.jar, C:\Users\ivoln\.m2\repository\org\springframework\boot\spring-boot-starter-tomcat\3.4.4\spring-boot-starter-tomcat-3.4.4.jar, C:\Users\ivoln\.m2\repository\org\apache\tomcat\embed\tomcat-embed-core\10.1.39\tomcat-embed-core-10.1.39.jar, C:\Users\ivoln\.m2\repository\org\apache\tomcat\embed\tomcat-embed-websocket\10.1.39\tomcat-embed-websocket-10.1.39.jar, C:\Users\ivoln\.m2\repository\org\springframework\spring-web\6.2.5\spring-web-6.2.5.jar, C:\Users\ivoln\.m2\repository\org\springframework\spring-beans\6.2.5\spring-beans-6.2.5.jar, C:\Users\ivoln\.m2\repository\io\micrometer\micrometer-observation\1.14.5\micrometer-observation-1.14.5.jar, C:\Users\ivoln\.m2\repository\io\micrometer\micrometer-commons\1.14.5\micrometer-commons-1.14.5.jar, C:\Users\ivoln\.m2\repository\org\springframework\spring-webmvc\6.2.5\spring-webmvc-6.2.5.jar, C:\Users\ivoln\.m2\repository\org\springframework\spring-aop\6.2.5\spring-aop-6.2.5.jar, C:\Users\ivoln\.m2\repository\org\springframework\spring-expression\6.2.5\spring-expression-6.2.5.jar, C:\Users\ivoln\.m2\repository\org\springframework\boot\spring-boot-autoconfigure\3.4.4\spring-boot-autoconfigure-3.4.4.jar, C:\Users\ivoln\.m2\repository\org\springframework\boot\spring-boot\3.4.4\spring-boot-3.4.4.jar, C:\Users\ivoln\.m2\repository\org\springframework\boot\spring-boot-starter-freemarker\3.4.4\spring-boot-starter-freemarker-3.4.4.jar, C:\Users\ivoln\.m2\repository\org\freemarker\freemarker\2.3.34\freemarker-2.3.34.jar, C:\Users\ivoln\.m2\repository\org\springframework\spring-context-support\6.2.5\spring-context-support-6.2.5.jar, C:\Users\ivoln\.m2\repository\org\springframework\boot\spring-boot-starter-test\3.4.4\spring-boot-starter-test-3.4.4.jar, C:\Users\ivoln\.m2\repository\org\springframework\boot\spring-boot-starter\3.4.4\spring-boot-starter-3.4.4.jar, C:\Users\ivoln\.m2\repository\org\springframework\boot\spring-boot-starter-logging\3.4.4\spring-boot-starter-logging-3.4.4.jar, C:\Users\ivoln\.m2\repository\ch\qos\logback\logback-classic\1.5.18\logback-classic-1.5.18.jar, C:\Users\ivoln\.m2\repository\ch\qos\logback\logback-core\1.5.18\logback-core-1.5.18.jar, C:\Users\ivoln\.m2\repository\org\apache\logging\log4j\log4j-to-slf4j\2.24.3\log4j-to-slf4j-2.24.3.jar, C:\Users\ivoln\.m2\repository\org\apache\logging\log4j\log4j-api\2.24.3\log4j-api-2.24.3.jar, C:\Users\ivoln\.m2\repository\org\slf4j\jul-to-slf4j\2.0.17\jul-to-slf4j-2.0.17.jar, C:\Users\ivoln\.m2\repository\jakarta\annotation\jakarta.annotation-api\2.1.1\jakarta.annotation-api-2.1.1.jar, C:\Users\ivoln\.m2\repository\org\yaml\snakeyaml\2.3\snakeyaml-2.3.jar, C:\Users\ivoln\.m2\repository\org\springframework\boot\spring-boot-test\3.4.4\spring-boot-test-3.4.4.jar, C:\Users\ivoln\.m2\repository\org\springframework\boot\spring-boot-test-autoconfigure\3.4.4\spring-boot-test-autoconfigure-3.4.4.jar, C:\Users\ivoln\.m2\repository\com\jayway\jsonpath\json-path\2.9.0\json-path-2.9.0.jar, C:\Users\ivoln\.m2\repository\org\slf4j\slf4j-api\2.0.17\slf4j-api-2.0.17.jar, C:\Users\ivoln\.m2\repository\jakarta\xml\bind\jakarta.xml.bind-api\4.0.2\jakarta.xml.bind-api-4.0.2.jar, C:\Users\ivoln\.m2\repository\jakarta\activation\jakarta.activation-api\2.1.3\jakarta.activation-api-2.1.3.jar, C:\Users\ivoln\.m2\repository\net\minidev\json-smart\2.5.2\json-smart-2.5.2.jar, C:\Users\ivoln\.m2\repository\net\minidev\accessors-smart\2.5.2\accessors-smart-2.5.2.jar, C:\Users\ivoln\.m2\repository\org\ow2\asm\asm\9.7.1\asm-9.7.1.jar, C:\Users\ivoln\.m2\repository\org\assertj\assertj-core\3.26.3\assertj-core-3.26.3.jar, C:\Users\ivoln\.m2\repository\net\bytebuddy\byte-buddy\1.15.11\byte-buddy-1.15.11.jar, C:\Users\ivoln\.m2\repository\org\awaitility\awaitility\4.2.2\awaitility-4.2.2.jar, C:\Users\ivoln\.m2\repository\org\hamcrest\hamcrest\2.2\hamcrest-2.2.jar, C:\Users\ivoln\.m2\repository\org\junit\jupiter\junit-jupiter\5.11.4\junit-jupiter-5.11.4.jar, C:\Users\ivoln\.m2\repository\org\junit\jupiter\junit-jupiter-api\5.11.4\junit-jupiter-api-5.11.4.jar, C:\Users\ivoln\.m2\repository\org\opentest4j\opentest4j\1.3.0\opentest4j-1.3.0.jar, C:\Users\ivoln\.m2\repository\org\junit\platform\junit-platform-commons\1.11.4\junit-platform-commons-1.11.4.jar, C:\Users\ivoln\.m2\repository\org\apiguardian\apiguardian-api\1.1.2\apiguardian-api-1.1.2.jar, C:\Users\ivoln\.m2\repository\org\junit\jupiter\junit-jupiter-params\5.11.4\junit-jupiter-params-5.11.4.jar, C:\Users\ivoln\.m2\repository\org\junit\jupiter\junit-jupiter-engine\5.11.4\junit-jupiter-engine-5.11.4.jar, C:\Users\ivoln\.m2\repository\org\junit\platform\junit-platform-engine\1.11.4\junit-platform-engine-1.11.4.jar, C:\Users\ivoln\.m2\repository\org\mockito\mockito-core\5.14.2\mockito-core-5.14.2.jar, C:\Users\ivoln\.m2\repository\net\bytebuddy\byte-buddy-agent\1.15.11\byte-buddy-agent-1.15.11.jar, C:\Users\ivoln\.m2\repository\org\objenesis\objenesis\3.3\objenesis-3.3.jar, C:\Users\ivoln\.m2\repository\org\mockito\mockito-junit-jupiter\5.14.2\mockito-junit-jupiter-5.14.2.jar, C:\Users\ivoln\.m2\repository\org\skyscreamer\jsonassert\1.5.3\jsonassert-1.5.3.jar, C:\Users\ivoln\.m2\repository\com\vaadin\external\google\android-json\0.0.20131108.vaadin1\android-json-0.0.20131108.vaadin1.jar, C:\Users\ivoln\.m2\repository\org\springframework\spring-core\6.2.5\spring-core-6.2.5.jar, C:\Users\ivoln\.m2\repository\org\springframework\spring-jcl\6.2.5\spring-jcl-6.2.5.jar, C:\Users\ivoln\.m2\repository\org\springframework\spring-test\6.2.5\spring-test-6.2.5.jar, C:\Users\ivoln\.m2\repository\org\xmlunit\xmlunit-core\2.10.0\xmlunit-core-2.10.0.jar, C:\Users\ivoln\.m2\repository\org\projectlombok\lombok\1.18.36\lombok-1.18.36.jar]
[DEBUG]   (f) useIncrementalCompilation = true
[DEBUG]   (f) useModulePath = true
[DEBUG]   (f) verbose = false
[DEBUG] -- end configuration --
[DEBUG] Using compiler 'javac'.
[DEBUG] Adding C:\Users\ivoln\IdeaProjects\article-library\it\target\generated-test-sources\test-annotations to test-compile source roots:
  C:\Users\ivoln\IdeaProjects\article-library\it\src\test\java
[DEBUG] New test-compile source roots:
  C:\Users\ivoln\IdeaProjects\article-library\it\src\test\java
  C:\Users\ivoln\IdeaProjects\article-library\it\target\generated-test-sources\test-annotations
[DEBUG] Dependency collection stats: {ConflictMarker.analyzeTime=13700, ConflictMarker.markTime=11500, ConflictMarker.nodeCount=2, ConflictIdSorter.graphTime=2100, ConflictIdSorter.topsortTime=5800, ConflictIdSorter.conflictIdCount=1, ConflictIdSorter.conflictIdCycleCount=0, ConflictResolver.totalTime=109900, ConflictResolver.conflictItemCount=1, DefaultDependencyCollector.collectTime=1818600, DefaultDependencyCollector.transformTime=156600}
[DEBUG] CompilerReuseStrategy: reuseCreated
[DEBUG] useIncrementalCompilation enabled
[INFO] 	Stale source detected: C:\Users\ivoln\IdeaProjects\article-library\it\src\test\java\ua\com\ivolnov\sci_article_library\ScientificArticleLibraryApplicationTests.java
[INFO] Recompiling the module because of changed source code.
[DEBUG] Classpath:
[DEBUG]  C:\Users\ivoln\IdeaProjects\article-library\it\target\test-classes
[DEBUG]  C:\Users\ivoln\IdeaProjects\article-library\it\target\classes
[DEBUG]  C:\Users\ivoln\.m2\repository\ua\com\ivolnov\web\0.0.1-SNAPSHOT\web-0.0.1-SNAPSHOT.jar
[DEBUG]  C:\Users\ivoln\.m2\repository\ua\com\ivolnov\rest\0.0.1-SNAPSHOT\rest-0.0.1-SNAPSHOT.jar
[DEBUG]  C:\Users\ivoln\.m2\repository\ua\com\ivolnov\service\0.0.1-SNAPSHOT\service-0.0.1-SNAPSHOT.jar
[DEBUG]  C:\Users\ivoln\.m2\repository\ua\com\ivolnov\domain\0.0.1-SNAPSHOT\domain-0.0.1-SNAPSHOT.jar
[DEBUG]  C:\Users\ivoln\.m2\repository\org\springframework\boot\spring-boot-starter-data-jpa\3.4.4\spring-boot-starter-data-jpa-3.4.4.jar
[DEBUG]  C:\Users\ivoln\.m2\repository\org\springframework\boot\spring-boot-starter-jdbc\3.4.4\spring-boot-starter-jdbc-3.4.4.jar
[DEBUG]  C:\Users\ivoln\.m2\repository\com\zaxxer\HikariCP\5.1.0\HikariCP-5.1.0.jar
[DEBUG]  C:\Users\ivoln\.m2\repository\org\springframework\spring-jdbc\6.2.5\spring-jdbc-6.2.5.jar
[DEBUG]  C:\Users\ivoln\.m2\repository\org\hibernate\orm\hibernate-core\6.6.11.Final\hibernate-core-6.6.11.Final.jar
[DEBUG]  C:\Users\ivoln\.m2\repository\jakarta\persistence\jakarta.persistence-api\3.1.0\jakarta.persistence-api-3.1.0.jar
[DEBUG]  C:\Users\ivoln\.m2\repository\jakarta\transaction\jakarta.transaction-api\2.0.1\jakarta.transaction-api-2.0.1.jar
[DEBUG]  C:\Users\ivoln\.m2\repository\org\hibernate\common\hibernate-commons-annotations\7.0.3.Final\hibernate-commons-annotations-7.0.3.Final.jar
[DEBUG]  C:\Users\ivoln\.m2\repository\io\smallrye\jandex\3.2.0\jandex-3.2.0.jar
[DEBUG]  C:\Users\ivoln\.m2\repository\org\glassfish\jaxb\jaxb-runtime\4.0.5\jaxb-runtime-4.0.5.jar
[DEBUG]  C:\Users\ivoln\.m2\repository\org\glassfish\jaxb\jaxb-core\4.0.5\jaxb-core-4.0.5.jar
[DEBUG]  C:\Users\ivoln\.m2\repository\org\eclipse\angus\angus-activation\2.0.2\angus-activation-2.0.2.jar
[DEBUG]  C:\Users\ivoln\.m2\repository\org\glassfish\jaxb\txw2\4.0.5\txw2-4.0.5.jar
[DEBUG]  C:\Users\ivoln\.m2\repository\com\sun\istack\istack-commons-runtime\4.1.2\istack-commons-runtime-4.1.2.jar
[DEBUG]  C:\Users\ivoln\.m2\repository\jakarta\inject\jakarta.inject-api\2.0.1\jakarta.inject-api-2.0.1.jar
[DEBUG]  C:\Users\ivoln\.m2\repository\org\antlr\antlr4-runtime\4.13.0\antlr4-runtime-4.13.0.jar
[DEBUG]  C:\Users\ivoln\.m2\repository\org\springframework\data\spring-data-jpa\3.4.4\spring-data-jpa-3.4.4.jar
[DEBUG]  C:\Users\ivoln\.m2\repository\org\springframework\data\spring-data-commons\3.4.4\spring-data-commons-3.4.4.jar
[DEBUG]  C:\Users\ivoln\.m2\repository\org\springframework\spring-orm\6.2.5\spring-orm-6.2.5.jar
[DEBUG]  C:\Users\ivoln\.m2\repository\org\springframework\spring-tx\6.2.5\spring-tx-6.2.5.jar
[DEBUG]  C:\Users\ivoln\.m2\repository\org\springframework\spring-aspects\6.2.5\spring-aspects-6.2.5.jar
[DEBUG]  C:\Users\ivoln\.m2\repository\org\aspectj\aspectjweaver\1.9.23\aspectjweaver-1.9.23.jar
[DEBUG]  C:\Users\ivoln\.m2\repository\org\postgresql\postgresql\42.7.5\postgresql-42.7.5.jar
[DEBUG]  C:\Users\ivoln\.m2\repository\org\checkerframework\checker-qual\3.48.3\checker-qual-3.48.3.jar
[DEBUG]  C:\Users\ivoln\.m2\repository\org\liquibase\liquibase-core\4.29.2\liquibase-core-4.29.2.jar
[DEBUG]  C:\Users\ivoln\.m2\repository\com\opencsv\opencsv\5.9\opencsv-5.9.jar
[DEBUG]  C:\Users\ivoln\.m2\repository\javax\xml\bind\jaxb-api\2.3.1\jaxb-api-2.3.1.jar
[DEBUG]  C:\Users\ivoln\.m2\repository\commons-io\commons-io\2.16.1\commons-io-2.16.1.jar
[DEBUG]  C:\Users\ivoln\.m2\repository\org\apache\commons\commons-collections4\4.4\commons-collections4-4.4.jar
[DEBUG]  C:\Users\ivoln\.m2\repository\org\apache\commons\commons-text\1.12.0\commons-text-1.12.0.jar
[DEBUG]  C:\Users\ivoln\.m2\repository\org\apache\commons\commons-lang3\3.17.0\commons-lang3-3.17.0.jar
[DEBUG]  C:\Users\ivoln\.m2\repository\org\springframework\spring-context\6.2.5\spring-context-6.2.5.jar
[DEBUG]  C:\Users\ivoln\.m2\repository\com\fasterxml\jackson\core\jackson-annotations\2.18.3\jackson-annotations-2.18.3.jar
[DEBUG]  C:\Users\ivoln\.m2\repository\com\fasterxml\jackson\core\jackson-databind\2.18.3\jackson-databind-2.18.3.jar
[DEBUG]  C:\Users\ivoln\.m2\repository\com\fasterxml\jackson\core\jackson-core\2.18.3\jackson-core-2.18.3.jar
[DEBUG]  C:\Users\ivoln\.m2\repository\org\springframework\boot\spring-boot-starter-validation\3.4.4\spring-boot-starter-validation-3.4.4.jar
[DEBUG]  C:\Users\ivoln\.m2\repository\org\apache\tomcat\embed\tomcat-embed-el\10.1.39\tomcat-embed-el-10.1.39.jar
[DEBUG]  C:\Users\ivoln\.m2\repository\org\hibernate\validator\hibernate-validator\8.0.2.Final\hibernate-validator-8.0.2.Final.jar
[DEBUG]  C:\Users\ivoln\.m2\repository\jakarta\validation\jakarta.validation-api\3.0.2\jakarta.validation-api-3.0.2.jar
[DEBUG]  C:\Users\ivoln\.m2\repository\org\jboss\logging\jboss-logging\3.6.1.Final\jboss-logging-3.6.1.Final.jar
[DEBUG]  C:\Users\ivoln\.m2\repository\com\fasterxml\classmate\1.7.0\classmate-1.7.0.jar
[DEBUG]  C:\Users\ivoln\.m2\repository\org\springdoc\springdoc-openapi-starter-webmvc-ui\2.3.0\springdoc-openapi-starter-webmvc-ui-2.3.0.jar
[DEBUG]  C:\Users\ivoln\.m2\repository\org\springdoc\springdoc-openapi-starter-webmvc-api\2.3.0\springdoc-openapi-starter-webmvc-api-2.3.0.jar
[DEBUG]  C:\Users\ivoln\.m2\repository\org\springdoc\springdoc-openapi-starter-common\2.3.0\springdoc-openapi-starter-common-2.3.0.jar
[DEBUG]  C:\Users\ivoln\.m2\repository\io\swagger\core\v3\swagger-core-jakarta\2.2.19\swagger-core-jakarta-2.2.19.jar
[DEBUG]  C:\Users\ivoln\.m2\repository\io\swagger\core\v3\swagger-annotations-jakarta\2.2.19\swagger-annotations-jakarta-2.2.19.jar
[DEBUG]  C:\Users\ivoln\.m2\repository\io\swagger\core\v3\swagger-models-jakarta\2.2.19\swagger-models-jakarta-2.2.19.jar
[DEBUG]  C:\Users\ivoln\.m2\repository\com\fasterxml\jackson\dataformat\jackson-dataformat-yaml\2.18.3\jackson-dataformat-yaml-2.18.3.jar
[DEBUG]  C:\Users\ivoln\.m2\repository\org\webjars\swagger-ui\5.10.3\swagger-ui-5.10.3.jar
[DEBUG]  C:\Users\ivoln\.m2\repository\org\springframework\boot\spring-boot-starter-web\3.4.4\spring-boot-starter-web-3.4.4.jar
[DEBUG]  C:\Users\ivoln\.m2\repository\org\springframework\boot\spring-boot-starter-json\3.4.4\spring-boot-starter-json-3.4.4.jar
[DEBUG]  C:\Users\ivoln\.m2\repository\com\fasterxml\jackson\datatype\jackson-datatype-jdk8\2.18.3\jackson-datatype-jdk8-2.18.3.jar
[DEBUG]  C:\Users\ivoln\.m2\repository\com\fasterxml\jackson\datatype\jackson-datatype-jsr310\2.18.3\jackson-datatype-jsr310-2.18.3.jar
[DEBUG]  C:\Users\ivoln\.m2\repository\com\fasterxml\jackson\module\jackson-module-parameter-names\2.18.3\jackson-module-parameter-names-2.18.3.jar
[DEBUG]  C:\Users\ivoln\.m2\repository\org\springframework\boot\spring-boot-starter-tomcat\3.4.4\spring-boot-starter-tomcat-3.4.4.jar
[DEBUG]  C:\Users\ivoln\.m2\repository\org\apache\tomcat\embed\tomcat-embed-core\10.1.39\tomcat-embed-core-10.1.39.jar
[DEBUG]  C:\Users\ivoln\.m2\repository\org\apache\tomcat\embed\tomcat-embed-websocket\10.1.39\tomcat-embed-websocket-10.1.39.jar
[DEBUG]  C:\Users\ivoln\.m2\repository\org\springframework\spring-web\6.2.5\spring-web-6.2.5.jar
[DEBUG]  C:\Users\ivoln\.m2\repository\org\springframework\spring-beans\6.2.5\spring-beans-6.2.5.jar
[DEBUG]  C:\Users\ivoln\.m2\repository\io\micrometer\micrometer-observation\1.14.5\micrometer-observation-1.14.5.jar
[DEBUG]  C:\Users\ivoln\.m2\repository\io\micrometer\micrometer-commons\1.14.5\micrometer-commons-1.14.5.jar
[DEBUG]  C:\Users\ivoln\.m2\repository\org\springframework\spring-webmvc\6.2.5\spring-webmvc-6.2.5.jar
[DEBUG]  C:\Users\ivoln\.m2\repository\org\springframework\spring-aop\6.2.5\spring-aop-6.2.5.jar
[DEBUG]  C:\Users\ivoln\.m2\repository\org\springframework\spring-expression\6.2.5\spring-expression-6.2.5.jar
[DEBUG]  C:\Users\ivoln\.m2\repository\org\springframework\boot\spring-boot-autoconfigure\3.4.4\spring-boot-autoconfigure-3.4.4.jar
[DEBUG]  C:\Users\ivoln\.m2\repository\org\springframework\boot\spring-boot\3.4.4\spring-boot-3.4.4.jar
[DEBUG]  C:\Users\ivoln\.m2\repository\org\springframework\boot\spring-boot-starter-freemarker\3.4.4\spring-boot-starter-freemarker-3.4.4.jar
[DEBUG]  C:\Users\ivoln\.m2\repository\org\freemarker\freemarker\2.3.34\freemarker-2.3.34.jar
[DEBUG]  C:\Users\ivoln\.m2\repository\org\springframework\spring-context-support\6.2.5\spring-context-support-6.2.5.jar
[DEBUG]  C:\Users\ivoln\.m2\repository\org\springframework\boot\spring-boot-starter-test\3.4.4\spring-boot-starter-test-3.4.4.jar
[DEBUG]  C:\Users\ivoln\.m2\repository\org\springframework\boot\spring-boot-starter\3.4.4\spring-boot-starter-3.4.4.jar
[DEBUG]  C:\Users\ivoln\.m2\repository\org\springframework\boot\spring-boot-starter-logging\3.4.4\spring-boot-starter-logging-3.4.4.jar
[DEBUG]  C:\Users\ivoln\.m2\repository\ch\qos\logback\logback-classic\1.5.18\logback-classic-1.5.18.jar
[DEBUG]  C:\Users\ivoln\.m2\repository\ch\qos\logback\logback-core\1.5.18\logback-core-1.5.18.jar
[DEBUG]  C:\Users\ivoln\.m2\repository\org\apache\logging\log4j\log4j-to-slf4j\2.24.3\log4j-to-slf4j-2.24.3.jar
[DEBUG]  C:\Users\ivoln\.m2\repository\org\apache\logging\log4j\log4j-api\2.24.3\log4j-api-2.24.3.jar
[DEBUG]  C:\Users\ivoln\.m2\repository\org\slf4j\jul-to-slf4j\2.0.17\jul-to-slf4j-2.0.17.jar
[DEBUG]  C:\Users\ivoln\.m2\repository\jakarta\annotation\jakarta.annotation-api\2.1.1\jakarta.annotation-api-2.1.1.jar
[DEBUG]  C:\Users\ivoln\.m2\repository\org\yaml\snakeyaml\2.3\snakeyaml-2.3.jar
[DEBUG]  C:\Users\ivoln\.m2\repository\org\springframework\boot\spring-boot-test\3.4.4\spring-boot-test-3.4.4.jar
[DEBUG]  C:\Users\ivoln\.m2\repository\org\springframework\boot\spring-boot-test-autoconfigure\3.4.4\spring-boot-test-autoconfigure-3.4.4.jar
[DEBUG]  C:\Users\ivoln\.m2\repository\com\jayway\jsonpath\json-path\2.9.0\json-path-2.9.0.jar
[DEBUG]  C:\Users\ivoln\.m2\repository\org\slf4j\slf4j-api\2.0.17\slf4j-api-2.0.17.jar
[DEBUG]  C:\Users\ivoln\.m2\repository\jakarta\xml\bind\jakarta.xml.bind-api\4.0.2\jakarta.xml.bind-api-4.0.2.jar
[DEBUG]  C:\Users\ivoln\.m2\repository\jakarta\activation\jakarta.activation-api\2.1.3\jakarta.activation-api-2.1.3.jar
[DEBUG]  C:\Users\ivoln\.m2\repository\net\minidev\json-smart\2.5.2\json-smart-2.5.2.jar
[DEBUG]  C:\Users\ivoln\.m2\repository\net\minidev\accessors-smart\2.5.2\accessors-smart-2.5.2.jar
[DEBUG]  C:\Users\ivoln\.m2\repository\org\ow2\asm\asm\9.7.1\asm-9.7.1.jar
[DEBUG]  C:\Users\ivoln\.m2\repository\org\assertj\assertj-core\3.26.3\assertj-core-3.26.3.jar
[DEBUG]  C:\Users\ivoln\.m2\repository\net\bytebuddy\byte-buddy\1.15.11\byte-buddy-1.15.11.jar
[DEBUG]  C:\Users\ivoln\.m2\repository\org\awaitility\awaitility\4.2.2\awaitility-4.2.2.jar
[DEBUG]  C:\Users\ivoln\.m2\repository\org\hamcrest\hamcrest\2.2\hamcrest-2.2.jar
[DEBUG]  C:\Users\ivoln\.m2\repository\org\junit\jupiter\junit-jupiter\5.11.4\junit-jupiter-5.11.4.jar
[DEBUG]  C:\Users\ivoln\.m2\repository\org\junit\jupiter\junit-jupiter-api\5.11.4\junit-jupiter-api-5.11.4.jar
[DEBUG]  C:\Users\ivoln\.m2\repository\org\opentest4j\opentest4j\1.3.0\opentest4j-1.3.0.jar
[DEBUG]  C:\Users\ivoln\.m2\repository\org\junit\platform\junit-platform-commons\1.11.4\junit-platform-commons-1.11.4.jar
[DEBUG]  C:\Users\ivoln\.m2\repository\org\apiguardian\apiguardian-api\1.1.2\apiguardian-api-1.1.2.jar
[DEBUG]  C:\Users\ivoln\.m2\repository\org\junit\jupiter\junit-jupiter-params\5.11.4\junit-jupiter-params-5.11.4.jar
[DEBUG]  C:\Users\ivoln\.m2\repository\org\junit\jupiter\junit-jupiter-engine\5.11.4\junit-jupiter-engine-5.11.4.jar
[DEBUG]  C:\Users\ivoln\.m2\repository\org\junit\platform\junit-platform-engine\1.11.4\junit-platform-engine-1.11.4.jar
[DEBUG]  C:\Users\ivoln\.m2\repository\org\mockito\mockito-core\5.14.2\mockito-core-5.14.2.jar
[DEBUG]  C:\Users\ivoln\.m2\repository\net\bytebuddy\byte-buddy-agent\1.15.11\byte-buddy-agent-1.15.11.jar
[DEBUG]  C:\Users\ivoln\.m2\repository\org\objenesis\objenesis\3.3\objenesis-3.3.jar
[DEBUG]  C:\Users\ivoln\.m2\repository\org\mockito\mockito-junit-jupiter\5.14.2\mockito-junit-jupiter-5.14.2.jar
[DEBUG]  C:\Users\ivoln\.m2\repository\org\skyscreamer\jsonassert\1.5.3\jsonassert-1.5.3.jar
[DEBUG]  C:\Users\ivoln\.m2\repository\com\vaadin\external\google\android-json\0.0.20131108.vaadin1\android-json-0.0.20131108.vaadin1.jar
[DEBUG]  C:\Users\ivoln\.m2\repository\org\springframework\spring-core\6.2.5\spring-core-6.2.5.jar
[DEBUG]  C:\Users\ivoln\.m2\repository\org\springframework\spring-jcl\6.2.5\spring-jcl-6.2.5.jar
[DEBUG]  C:\Users\ivoln\.m2\repository\org\springframework\spring-test\6.2.5\spring-test-6.2.5.jar
[DEBUG]  C:\Users\ivoln\.m2\repository\org\xmlunit\xmlunit-core\2.10.0\xmlunit-core-2.10.0.jar
[DEBUG]  C:\Users\ivoln\.m2\repository\org\projectlombok\lombok\1.18.36\lombok-1.18.36.jar
[DEBUG] Source roots:
[DEBUG]  C:\Users\ivoln\IdeaProjects\article-library\it\src\test\java
[DEBUG]  C:\Users\ivoln\IdeaProjects\article-library\it\target\generated-test-sources\test-annotations
[DEBUG] Command line options:
[DEBUG] -d C:\Users\ivoln\IdeaProjects\article-library\it\target\test-classes -classpath C:\Users\ivoln\IdeaProjects\article-library\it\target\test-classes;C:\Users\ivoln\IdeaProjects\article-library\it\target\classes;C:\Users\ivoln\.m2\repository\ua\com\ivolnov\web\0.0.1-SNAPSHOT\web-0.0.1-SNAPSHOT.jar;C:\Users\ivoln\.m2\repository\ua\com\ivolnov\rest\0.0.1-SNAPSHOT\rest-0.0.1-SNAPSHOT.jar;C:\Users\ivoln\.m2\repository\ua\com\ivolnov\service\0.0.1-SNAPSHOT\service-0.0.1-SNAPSHOT.jar;C:\Users\ivoln\.m2\repository\ua\com\ivolnov\domain\0.0.1-SNAPSHOT\domain-0.0.1-SNAPSHOT.jar;C:\Users\ivoln\.m2\repository\org\springframework\boot\spring-boot-starter-data-jpa\3.4.4\spring-boot-starter-data-jpa-3.4.4.jar;C:\Users\ivoln\.m2\repository\org\springframework\boot\spring-boot-starter-jdbc\3.4.4\spring-boot-starter-jdbc-3.4.4.jar;C:\Users\ivoln\.m2\repository\com\zaxxer\HikariCP\5.1.0\HikariCP-5.1.0.jar;C:\Users\ivoln\.m2\repository\org\springframework\spring-jdbc\6.2.5\spring-jdbc-6.2.5.jar;C:\Users\ivoln\.m2\repository\org\hibernate\orm\hibernate-core\6.6.11.Final\hibernate-core-6.6.11.Final.jar;C:\Users\ivoln\.m2\repository\jakarta\persistence\jakarta.persistence-api\3.1.0\jakarta.persistence-api-3.1.0.jar;C:\Users\ivoln\.m2\repository\jakarta\transaction\jakarta.transaction-api\2.0.1\jakarta.transaction-api-2.0.1.jar;C:\Users\ivoln\.m2\repository\org\hibernate\common\hibernate-commons-annotations\7.0.3.Final\hibernate-commons-annotations-7.0.3.Final.jar;C:\Users\ivoln\.m2\repository\io\smallrye\jandex\3.2.0\jandex-3.2.0.jar;C:\Users\ivoln\.m2\repository\org\glassfish\jaxb\jaxb-runtime\4.0.5\jaxb-runtime-4.0.5.jar;C:\Users\ivoln\.m2\repository\org\glassfish\jaxb\jaxb-core\4.0.5\jaxb-core-4.0.5.jar;C:\Users\ivoln\.m2\repository\org\eclipse\angus\angus-activation\2.0.2\angus-activation-2.0.2.jar;C:\Users\ivoln\.m2\repository\org\glassfish\jaxb\txw2\4.0.5\txw2-4.0.5.jar;C:\Users\ivoln\.m2\repository\com\sun\istack\istack-commons-runtime\4.1.2\istack-commons-runtime-4.1.2.jar;C:\Users\ivoln\.m2\repository\jakarta\inject\jakarta.inject-api\2.0.1\jakarta.inject-api-2.0.1.jar;C:\Users\ivoln\.m2\repository\org\antlr\antlr4-runtime\4.13.0\antlr4-runtime-4.13.0.jar;C:\Users\ivoln\.m2\repository\org\springframework\data\spring-data-jpa\3.4.4\spring-data-jpa-3.4.4.jar;C:\Users\ivoln\.m2\repository\org\springframework\data\spring-data-commons\3.4.4\spring-data-commons-3.4.4.jar;C:\Users\ivoln\.m2\repository\org\springframework\spring-orm\6.2.5\spring-orm-6.2.5.jar;C:\Users\ivoln\.m2\repository\org\springframework\spring-tx\6.2.5\spring-tx-6.2.5.jar;C:\Users\ivoln\.m2\repository\org\springframework\spring-aspects\6.2.5\spring-aspects-6.2.5.jar;C:\Users\ivoln\.m2\repository\org\aspectj\aspectjweaver\1.9.23\aspectjweaver-1.9.23.jar;C:\Users\ivoln\.m2\repository\org\postgresql\postgresql\42.7.5\postgresql-42.7.5.jar;C:\Users\ivoln\.m2\repository\org\checkerframework\checker-qual\3.48.3\checker-qual-3.48.3.jar;C:\Users\ivoln\.m2\repository\org\liquibase\liquibase-core\4.29.2\liquibase-core-4.29.2.jar;C:\Users\ivoln\.m2\repository\com\opencsv\opencsv\5.9\opencsv-5.9.jar;C:\Users\ivoln\.m2\repository\javax\xml\bind\jaxb-api\2.3.1\jaxb-api-2.3.1.jar;C:\Users\ivoln\.m2\repository\commons-io\commons-io\2.16.1\commons-io-2.16.1.jar;C:\Users\ivoln\.m2\repository\org\apache\commons\commons-collections4\4.4\commons-collections4-4.4.jar;C:\Users\ivoln\.m2\repository\org\apache\commons\commons-text\1.12.0\commons-text-1.12.0.jar;C:\Users\ivoln\.m2\repository\org\apache\commons\commons-lang3\3.17.0\commons-lang3-3.17.0.jar;C:\Users\ivoln\.m2\repository\org\springframework\spring-context\6.2.5\spring-context-6.2.5.jar;C:\Users\ivoln\.m2\repository\com\fasterxml\jackson\core\jackson-annotations\2.18.3\jackson-annotations-2.18.3.jar;C:\Users\ivoln\.m2\repository\com\fasterxml\jackson\core\jackson-databind\2.18.3\jackson-databind-2.18.3.jar;C:\Users\ivoln\.m2\repository\com\fasterxml\jackson\core\jackson-core\2.18.3\jackson-core-2.18.3.jar;C:\Users\ivoln\.m2\repository\org\springframework\boot\spring-boot-starter-validation\3.4.4\spring-boot-starter-validation-3.4.4.jar;C:\Users\ivoln\.m2\repository\org\apache\tomcat\embed\tomcat-embed-el\10.1.39\tomcat-embed-el-10.1.39.jar;C:\Users\ivoln\.m2\repository\org\hibernate\validator\hibernate-validator\8.0.2.Final\hibernate-validator-8.0.2.Final.jar;C:\Users\ivoln\.m2\repository\jakarta\validation\jakarta.validation-api\3.0.2\jakarta.validation-api-3.0.2.jar;C:\Users\ivoln\.m2\repository\org\jboss\logging\jboss-logging\3.6.1.Final\jboss-logging-3.6.1.Final.jar;C:\Users\ivoln\.m2\repository\com\fasterxml\classmate\1.7.0\classmate-1.7.0.jar;C:\Users\ivoln\.m2\repository\org\springdoc\springdoc-openapi-starter-webmvc-ui\2.3.0\springdoc-openapi-starter-webmvc-ui-2.3.0.jar;C:\Users\ivoln\.m2\repository\org\springdoc\springdoc-openapi-starter-webmvc-api\2.3.0\springdoc-openapi-starter-webmvc-api-2.3.0.jar;C:\Users\ivoln\.m2\repository\org\springdoc\springdoc-openapi-starter-common\2.3.0\springdoc-openapi-starter-common-2.3.0.jar;C:\Users\ivoln\.m2\repository\io\swagger\core\v3\swagger-core-jakarta\2.2.19\swagger-core-jakarta-2.2.19.jar;C:\Users\ivoln\.m2\repository\io\swagger\core\v3\swagger-annotations-jakarta\2.2.19\swagger-annotations-jakarta-2.2.19.jar;C:\Users\ivoln\.m2\repository\io\swagger\core\v3\swagger-models-jakarta\2.2.19\swagger-models-jakarta-2.2.19.jar;C:\Users\ivoln\.m2\repository\com\fasterxml\jackson\dataformat\jackson-dataformat-yaml\2.18.3\jackson-dataformat-yaml-2.18.3.jar;C:\Users\ivoln\.m2\repository\org\webjars\swagger-ui\5.10.3\swagger-ui-5.10.3.jar;C:\Users\ivoln\.m2\repository\org\springframework\boot\spring-boot-starter-web\3.4.4\spring-boot-starter-web-3.4.4.jar;C:\Users\ivoln\.m2\repository\org\springframework\boot\spring-boot-starter-json\3.4.4\spring-boot-starter-json-3.4.4.jar;C:\Users\ivoln\.m2\repository\com\fasterxml\jackson\datatype\jackson-datatype-jdk8\2.18.3\jackson-datatype-jdk8-2.18.3.jar;C:\Users\ivoln\.m2\repository\com\fasterxml\jackson\datatype\jackson-datatype-jsr310\2.18.3\jackson-datatype-jsr310-2.18.3.jar;C:\Users\ivoln\.m2\repository\com\fasterxml\jackson\module\jackson-module-parameter-names\2.18.3\jackson-module-parameter-names-2.18.3.jar;C:\Users\ivoln\.m2\repository\org\springframework\boot\spring-boot-starter-tomcat\3.4.4\spring-boot-starter-tomcat-3.4.4.jar;C:\Users\ivoln\.m2\repository\org\apache\tomcat\embed\tomcat-embed-core\10.1.39\tomcat-embed-core-10.1.39.jar;C:\Users\ivoln\.m2\repository\org\apache\tomcat\embed\tomcat-embed-websocket\10.1.39\tomcat-embed-websocket-10.1.39.jar;C:\Users\ivoln\.m2\repository\org\springframework\spring-web\6.2.5\spring-web-6.2.5.jar;C:\Users\ivoln\.m2\repository\org\springframework\spring-beans\6.2.5\spring-beans-6.2.5.jar;C:\Users\ivoln\.m2\repository\io\micrometer\micrometer-observation\1.14.5\micrometer-observation-1.14.5.jar;C:\Users\ivoln\.m2\repository\io\micrometer\micrometer-commons\1.14.5\micrometer-commons-1.14.5.jar;C:\Users\ivoln\.m2\repository\org\springframework\spring-webmvc\6.2.5\spring-webmvc-6.2.5.jar;C:\Users\ivoln\.m2\repository\org\springframework\spring-aop\6.2.5\spring-aop-6.2.5.jar;C:\Users\ivoln\.m2\repository\org\springframework\spring-expression\6.2.5\spring-expression-6.2.5.jar;C:\Users\ivoln\.m2\repository\org\springframework\boot\spring-boot-autoconfigure\3.4.4\spring-boot-autoconfigure-3.4.4.jar;C:\Users\ivoln\.m2\repository\org\springframework\boot\spring-boot\3.4.4\spring-boot-3.4.4.jar;C:\Users\ivoln\.m2\repository\org\springframework\boot\spring-boot-starter-freemarker\3.4.4\spring-boot-starter-freemarker-3.4.4.jar;C:\Users\ivoln\.m2\repository\org\freemarker\freemarker\2.3.34\freemarker-2.3.34.jar;C:\Users\ivoln\.m2\repository\org\springframework\spring-context-support\6.2.5\spring-context-support-6.2.5.jar;C:\Users\ivoln\.m2\repository\org\springframework\boot\spring-boot-starter-test\3.4.4\spring-boot-starter-test-3.4.4.jar;C:\Users\ivoln\.m2\repository\org\springframework\boot\spring-boot-starter\3.4.4\spring-boot-starter-3.4.4.jar;C:\Users\ivoln\.m2\repository\org\springframework\boot\spring-boot-starter-logging\3.4.4\spring-boot-starter-logging-3.4.4.jar;C:\Users\ivoln\.m2\repository\ch\qos\logback\logback-classic\1.5.18\logback-classic-1.5.18.jar;C:\Users\ivoln\.m2\repository\ch\qos\logback\logback-core\1.5.18\logback-core-1.5.18.jar;C:\Users\ivoln\.m2\repository\org\apache\logging\log4j\log4j-to-slf4j\2.24.3\log4j-to-slf4j-2.24.3.jar;C:\Users\ivoln\.m2\repository\org\apache\logging\log4j\log4j-api\2.24.3\log4j-api-2.24.3.jar;C:\Users\ivoln\.m2\repository\org\slf4j\jul-to-slf4j\2.0.17\jul-to-slf4j-2.0.17.jar;C:\Users\ivoln\.m2\repository\jakarta\annotation\jakarta.annotation-api\2.1.1\jakarta.annotation-api-2.1.1.jar;C:\Users\ivoln\.m2\repository\org\yaml\snakeyaml\2.3\snakeyaml-2.3.jar;C:\Users\ivoln\.m2\repository\org\springframework\boot\spring-boot-test\3.4.4\spring-boot-test-3.4.4.jar;C:\Users\ivoln\.m2\repository\org\springframework\boot\spring-boot-test-autoconfigure\3.4.4\spring-boot-test-autoconfigure-3.4.4.jar;C:\Users\ivoln\.m2\repository\com\jayway\jsonpath\json-path\2.9.0\json-path-2.9.0.jar;C:\Users\ivoln\.m2\repository\org\slf4j\slf4j-api\2.0.17\slf4j-api-2.0.17.jar;C:\Users\ivoln\.m2\repository\jakarta\xml\bind\jakarta.xml.bind-api\4.0.2\jakarta.xml.bind-api-4.0.2.jar;C:\Users\ivoln\.m2\repository\jakarta\activation\jakarta.activation-api\2.1.3\jakarta.activation-api-2.1.3.jar;C:\Users\ivoln\.m2\repository\net\minidev\json-smart\2.5.2\json-smart-2.5.2.jar;C:\Users\ivoln\.m2\repository\net\minidev\accessors-smart\2.5.2\accessors-smart-2.5.2.jar;C:\Users\ivoln\.m2\repository\org\ow2\asm\asm\9.7.1\asm-9.7.1.jar;C:\Users\ivoln\.m2\repository\org\assertj\assertj-core\3.26.3\assertj-core-3.26.3.jar;C:\Users\ivoln\.m2\repository\net\bytebuddy\byte-buddy\1.15.11\byte-buddy-1.15.11.jar;C:\Users\ivoln\.m2\repository\org\awaitility\awaitility\4.2.2\awaitility-4.2.2.jar;C:\Users\ivoln\.m2\repository\org\hamcrest\hamcrest\2.2\hamcrest-2.2.jar;C:\Users\ivoln\.m2\repository\org\junit\jupiter\junit-jupiter\5.11.4\junit-jupiter-5.11.4.jar;C:\Users\ivoln\.m2\repository\org\junit\jupiter\junit-jupiter-api\5.11.4\junit-jupiter-api-5.11.4.jar;C:\Users\ivoln\.m2\repository\org\opentest4j\opentest4j\1.3.0\opentest4j-1.3.0.jar;C:\Users\ivoln\.m2\repository\org\junit\platform\junit-platform-commons\1.11.4\junit-platform-commons-1.11.4.jar;C:\Users\ivoln\.m2\repository\org\apiguardian\apiguardian-api\1.1.2\apiguardian-api-1.1.2.jar;C:\Users\ivoln\.m2\repository\org\junit\jupiter\junit-jupiter-params\5.11.4\junit-jupiter-params-5.11.4.jar;C:\Users\ivoln\.m2\repository\org\junit\jupiter\junit-jupiter-engine\5.11.4\junit-jupiter-engine-5.11.4.jar;C:\Users\ivoln\.m2\repository\org\junit\platform\junit-platform-engine\1.11.4\junit-platform-engine-1.11.4.jar;C:\Users\ivoln\.m2\repository\org\mockito\mockito-core\5.14.2\mockito-core-5.14.2.jar;C:\Users\ivoln\.m2\repository\net\bytebuddy\byte-buddy-agent\1.15.11\byte-buddy-agent-1.15.11.jar;C:\Users\ivoln\.m2\repository\org\objenesis\objenesis\3.3\objenesis-3.3.jar;C:\Users\ivoln\.m2\repository\org\mockito\mockito-junit-jupiter\5.14.2\mockito-junit-jupiter-5.14.2.jar;C:\Users\ivoln\.m2\repository\org\skyscreamer\jsonassert\1.5.3\jsonassert-1.5.3.jar;C:\Users\ivoln\.m2\repository\com\vaadin\external\google\android-json\0.0.20131108.vaadin1\android-json-0.0.20131108.vaadin1.jar;C:\Users\ivoln\.m2\repository\org\springframework\spring-core\6.2.5\spring-core-6.2.5.jar;C:\Users\ivoln\.m2\repository\org\springframework\spring-jcl\6.2.5\spring-jcl-6.2.5.jar;C:\Users\ivoln\.m2\repository\org\springframework\spring-test\6.2.5\spring-test-6.2.5.jar;C:\Users\ivoln\.m2\repository\org\xmlunit\xmlunit-core\2.10.0\xmlunit-core-2.10.0.jar;C:\Users\ivoln\.m2\repository\org\projectlombok\lombok\1.18.36\lombok-1.18.36.jar; -sourcepath C:\Users\ivoln\IdeaProjects\article-library\it\src\test\java;C:\Users\ivoln\IdeaProjects\article-library\it\target\generated-test-sources\test-annotations; -s C:\Users\ivoln\IdeaProjects\article-library\it\target\generated-test-sources\test-annotations -processorpath C:\Users\ivoln\.m2\repository\org\projectlombok\lombok\1.18.36\lombok-1.18.36.jar; -g -parameters --release 17 -encoding UTF-8 -XDuseUnsharedTable=true
[DEBUG] incrementalBuildHelper#beforeRebuildExecution
[INFO] Compiling 1 source file with javac [debug parameters release 17] to target\test-classes
[DEBUG] incrementalBuildHelper#afterRebuildExecution
[INFO] -------------------------------------------------------------
[ERROR] COMPILATION ERROR : 
[INFO] -------------------------------------------------------------
[ERROR] /C:/Users/ivoln/IdeaProjects/article-library/it/src/test/java/ua/com/ivolnov/sci_article_library/ScientificArticleLibraryApplicationTests.java:[7,46] cannot find symbol
  symbol:   class ScientificArticleLibraryApplication
  location: package ua.com.ivolnov.sci_article_library
[INFO] 1 error
[INFO] -------------------------------------------------------------
[INFO] ------------------------------------------------------------------------
[INFO] BUILD FAILURE
[INFO] ------------------------------------------------------------------------
[INFO] Total time:  2.663 s
[INFO] Finished at: 2025-05-25T06:21:19+03:00
[INFO] ------------------------------------------------------------------------
[ERROR] Failed to execute goal org.apache.maven.plugins:maven-compiler-plugin:3.13.0:testCompile (default-testCompile) on project it: Compilation failure
[ERROR] /C:/Users/ivoln/IdeaProjects/article-library/it/src/test/java/ua/com/ivolnov/sci_article_library/ScientificArticleLibraryApplicationTests.java:[7,46] cannot find symbol
[ERROR]   symbol:   class ScientificArticleLibraryApplication
[ERROR]   location: package ua.com.ivolnov.sci_article_library
[ERROR] 
[ERROR] -> [Help 1]
org.apache.maven.lifecycle.LifecycleExecutionException: Failed to execute goal org.apache.maven.plugins:maven-compiler-plugin:3.13.0:testCompile (default-testCompile) on project it: Compilation failure
/C:/Users/ivoln/IdeaProjects/article-library/it/src/test/java/ua/com/ivolnov/sci_article_library/ScientificArticleLibraryApplicationTests.java:[7,46] cannot find symbol
  symbol:   class ScientificArticleLibraryApplication
  location: package ua.com.ivolnov.sci_article_library

    at org.apache.maven.lifecycle.internal.MojoExecutor.execute (MojoExecutor.java:215)
    at org.apache.maven.lifecycle.internal.MojoExecutor.execute (MojoExecutor.java:156)
    at org.apache.maven.lifecycle.internal.MojoExecutor.execute (MojoExecutor.java:148)
    at org.apache.maven.lifecycle.internal.LifecycleModuleBuilder.buildProject (LifecycleModuleBuilder.java:117)
    at org.apache.maven.lifecycle.internal.LifecycleModuleBuilder.buildProject (LifecycleModuleBuilder.java:81)
    at org.apache.maven.lifecycle.internal.builder.singlethreaded.SingleThreadedBuilder.build (SingleThreadedBuilder.java:56)
    at org.apache.maven.lifecycle.internal.LifecycleStarter.execute (LifecycleStarter.java:128)
    at org.apache.maven.DefaultMaven.doExecute (DefaultMaven.java:305)
    at org.apache.maven.DefaultMaven.doExecute (DefaultMaven.java:192)
    at org.apache.maven.DefaultMaven.execute (DefaultMaven.java:105)
    at org.apache.maven.cli.MavenCli.execute (MavenCli.java:957)
    at org.apache.maven.cli.MavenCli.doMain (MavenCli.java:289)
    at org.apache.maven.cli.MavenCli.main (MavenCli.java:193)
    at jdk.internal.reflect.NativeMethodAccessorImpl.invoke0 (Native Method)
    at jdk.internal.reflect.NativeMethodAccessorImpl.invoke (NativeMethodAccessorImpl.java:77)
    at jdk.internal.reflect.DelegatingMethodAccessorImpl.invoke (DelegatingMethodAccessorImpl.java:43)
    at java.lang.reflect.Method.invoke (Method.java:568)
    at org.codehaus.plexus.classworlds.launcher.Launcher.launchEnhanced (Launcher.java:282)
    at org.codehaus.plexus.classworlds.launcher.Launcher.launch (Launcher.java:225)
    at org.codehaus.plexus.classworlds.launcher.Launcher.mainWithExitCode (Launcher.java:406)
    at org.codehaus.plexus.classworlds.launcher.Launcher.main (Launcher.java:347)
Caused by: org.apache.maven.plugin.compiler.CompilationFailureException: Compilation failure
/C:/Users/ivoln/IdeaProjects/article-library/it/src/test/java/ua/com/ivolnov/sci_article_library/ScientificArticleLibraryApplicationTests.java:[7,46] cannot find symbol
  symbol:   class ScientificArticleLibraryApplication
  location: package ua.com.ivolnov.sci_article_library

    at org.apache.maven.plugin.compiler.AbstractCompilerMojo.execute (AbstractCompilerMojo.java:1309)
    at org.apache.maven.plugin.compiler.TestCompilerMojo.execute (TestCompilerMojo.java:208)
    at org.apache.maven.plugin.DefaultBuildPluginManager.executeMojo (DefaultBuildPluginManager.java:137)
    at org.apache.maven.lifecycle.internal.MojoExecutor.execute (MojoExecutor.java:210)
    at org.apache.maven.lifecycle.internal.MojoExecutor.execute (MojoExecutor.java:156)
    at org.apache.maven.lifecycle.internal.MojoExecutor.execute (MojoExecutor.java:148)
    at org.apache.maven.lifecycle.internal.LifecycleModuleBuilder.buildProject (LifecycleModuleBuilder.java:117)
    at org.apache.maven.lifecycle.internal.LifecycleModuleBuilder.buildProject (LifecycleModuleBuilder.java:81)
    at org.apache.maven.lifecycle.internal.builder.singlethreaded.SingleThreadedBuilder.build (SingleThreadedBuilder.java:56)
    at org.apache.maven.lifecycle.internal.LifecycleStarter.execute (LifecycleStarter.java:128)
    at org.apache.maven.DefaultMaven.doExecute (DefaultMaven.java:305)
    at org.apache.maven.DefaultMaven.doExecute (DefaultMaven.java:192)
    at org.apache.maven.DefaultMaven.execute (DefaultMaven.java:105)
    at org.apache.maven.cli.MavenCli.execute (MavenCli.java:957)
    at org.apache.maven.cli.MavenCli.doMain (MavenCli.java:289)
    at org.apache.maven.cli.MavenCli.main (MavenCli.java:193)
    at jdk.internal.reflect.NativeMethodAccessorImpl.invoke0 (Native Method)
    at jdk.internal.reflect.NativeMethodAccessorImpl.invoke (NativeMethodAccessorImpl.java:77)
    at jdk.internal.reflect.DelegatingMethodAccessorImpl.invoke (DelegatingMethodAccessorImpl.java:43)
    at java.lang.reflect.Method.invoke (Method.java:568)
    at org.codehaus.plexus.classworlds.launcher.Launcher.launchEnhanced (Launcher.java:282)
    at org.codehaus.plexus.classworlds.launcher.Launcher.launch (Launcher.java:225)
    at org.codehaus.plexus.classworlds.launcher.Launcher.mainWithExitCode (Launcher.java:406)
    at org.codehaus.plexus.classworlds.launcher.Launcher.main (Launcher.java:347)
[ERROR] 
[ERROR] 
[ERROR] For more information about the errors and possible solutions, please read the following articles:
[ERROR] [Help 1] http://cwiki.apache.org/confluence/display/MAVEN/MojoFailureException
